******************************************************************************
               TMS320C6x Linker PC v7.3.1                      
******************************************************************************
>> Linked Fri Apr 22 14:48:55 2016

OUTPUT FILE NAME:   <PnD_Speech_Codec_Koen_Seppe.out>
ENTRY POINT SYMBOL: "_c_int00"  address: 80009460


MEMORY CONFIGURATION

         name            origin    length      used     unused   attr    fill
----------------------  --------  ---------  --------  --------  ----  --------
  DSPL2ROM              00700000   00010000  00000000  00010000  RWIX
  DSPL2RAM              00800000   00040000  00000000  00040000  RWIX
  DSPL1PRAM             00e00000   00008000  00000000  00008000  RWIX
  DSPL1DRAM             00f00000   00008000  00000000  00008000  RWIX
  SHDSPL2ROM            11700000   00010000  00000000  00010000  RWIX
  SHDSPL2RAM            11800000   00040000  00000000  00040000  RWIX
  SHDSPL1PRAM           11e00000   00008000  00000000  00008000  RWIX
  SHDSPL1DRAM           11f00000   00008000  00000000  00008000  RWIX
  EMIFACS0              40000000   20000000  00000000  20000000  RWIX
  EMIFACS2              60000000   02000000  00000000  02000000  RWIX
  EMIFACS3              62000000   02000000  00000000  02000000  RWIX
  EMIFACS4              64000000   02000000  00000000  02000000  RWIX
  EMIFACS5              66000000   02000000  00000000  02000000  RWIX
  SHRAM                 80000000   00020000  000133a1  0000cc5f  RWIX
  DDR2                  c0000000   20000000  00000000  20000000  RWIX


SECTION ALLOCATION MAP

 output                                  attributes/
section   page    origin      length       input sections
--------  ----  ----------  ----------   ----------------
.pinit     0    80000000    00000000     UNINITIALIZED

.text      0    80000000    00009ac0     
                  80000000    00000b00     analysis.obj (.text)
                  80000b00    00000ae0     wavpcm_io.obj (.text)
                  800015e0    00000a40     synthesis.obj (.text)
                  80002020    000005a0     rts6740.lib : divd.obj (.text:__divd)
                  800025c0    00000580                 : _printfi.obj (.text:__getarg_diouxp)
                  80002b40    000004e0     main.obj (.text)
                  80003020    00000480     rts6740.lib : _printfi.obj (.text:__setfield)
                  800034a0    00000480                 : fwrite.obj (.text:_fwrite)
                  80003920    00000440                 : _printfi.obj (.text:__printfi)
                  80003d60    00000380     bitManipulation.obj (.text)
                  800040e0    00000300     rts6740.lib : fputs.obj (.text:_fputs)
                  800043e0    000002c0                 : _printfi.obj (.text:__pproc_fge)
                  800046a0    000002c0                 : _printfi.obj (.text:__pproc_fwp)
                  80004960    000002c0     quantize.obj (.text)
                  80004c20    000002a0     rts6740.lib : _printfi.obj (.text:_ecvt)
                  80004ec0    000002a0                 : _printfi.obj (.text:_fcvt)
                  80005160    000002a0                 : fread.obj (.text:_fread)
                  80005400    00000280                 : memory.obj (.text:_free)
                  80005680    00000260                 : imath64.obj (.text:__divull)
                  800058e0    00000260                 : _printfi.obj (.text:__pconv_e)
                  80005b40    00000240                 : _printfi.obj (.text:__pproc_diouxp)
                  80005d80    00000240     dequantize.obj (.text)
                  80005fc0    00000220     rts6740.lib : _printfi.obj (.text:__pproc_str)
                  800061e0    00000200                 : _printfi.obj (.text:__pconv_g)
                  800063e0    000001c0                 : _printfi.obj (.text:__mcpy)
                  800065a0    000001c0                 : fopen.obj (.text:__openfile)
                  80006760    000001a0                 : imath40.obj (.text:__divul)
                  80006900    00000180                 : trgdrv.obj (.text:_HOSTrename)
                  80006a80    00000180                 : memory.obj (.text:_malloc)
                  80006c00    00000180                 : lowlev.obj (.text:_open)
                  80006d80    00000180                 : setvbuf.obj (.text:_setvbuf)
                  80006f00    00000140                 : _bufread.obj (.text:__buff_read)
                  80007040    00000140                 : _printfi.obj (.text:__pproc_fflags)
                  80007180    00000140                 : fputc.obj (.text:_fputc)
                  800072c0    00000140                 : lowlev.obj (.text:_getdevice)
                  80007400    00000120                 : imath64.obj (.text:__divlli)
                  80007520    00000120                 : fopen.obj (.text:__search_fp)
                  80007640    00000120                 : fclose.obj (.text:_fclose)
                  80007760    00000100                 : trgdrv.obj (.text:_HOSTlseek)
                  80007860    00000100                 : autoinit.obj (.text:__auto_init)
                  80007960    00000100                 : _printfi.obj (.text:__ltostr)
                  80007a60    00000100                 : _io_perm.obj (.text:__wrt_ok)
                  80007b60    000000e0                 : trgdrv.obj (.text:_HOSTopen)
                  80007c40    000000e0                 : divi.obj (.text:__divi)
                  80007d20    000000e0                 : atoi.obj (.text:_atoi)
                  80007e00    000000e0                 : lowlev.obj (.text:_close)
                  80007ee0    000000e0                 : exit.obj (.text:_exit)
                  80007fc0    000000e0                 : memset.obj (.text:_memset)
                  800080a0    000000c0                 : trgdrv.obj (.text:_HOSTread)
                  80008160    000000c0                 : trgdrv.obj (.text:_HOSTunlink)
                  80008220    000000c0                 : trgdrv.obj (.text:_HOSTwrite)
                  800082e0    000000c0                 : fopen.obj (.text:__cleanup)
                  800083a0    000000c0                 : _printfi.obj (.text:__div)
                  80008460    000000c0                 : divu.obj (.text:__divu)
                  80008520    000000c0                 : fflush.obj (.text:__doflush)
                  800085e0    000000c0                 : _io_perm.obj (.text:__rd_ok)
                  800086a0    000000c0                 : remi.obj (.text:__remi)
                  80008760    000000c0                 : fseek.obj (.text:_fseek)
                  80008820    000000c0                 : ftell.obj (.text:_ftell)
                  800088e0    000000c0                 : lowlev.obj (.text:_lseek)
                  800089a0    000000c0                 : ltoa.obj (.text:_ltoa)
                  80008a60    000000c0                 : lowlev.obj (.text:_read)
                  80008b20    000000c0                 : lowlev.obj (.text:_write)
                  80008be0    000000a0                 : trgdrv.obj (.text:_HOSTclose)
                  80008c80    000000a0                 : imath40.obj (.text:__divli)
                  80008d20    000000a0                 : _printfi.obj (.text:__ecpy)
                  80008dc0    000000a0                 : _printfi.obj (.text:__fcpy)
                  80008e60    000000a0                 : fixdli.obj (.text:__fixdli)
                  80008f00    000000a0                 : _printfi.obj (.text:__pconv_f)
                  80008fa0    000000a0                 : cpy_tbl.obj (.text:_copy_in)
                  80009040    000000a0                 : lowlev.obj (.text:_finddevice)
                  800090e0    000000a0                 : memcpy64.obj (.text:_memcpy)
                  80009180    000000a0                 : memory.obj (.text:_minsert)
                  80009220    000000a0                 : memory.obj (.text:_mremove)
                  800092c0    000000a0                 : lowlev.obj (.text:_tabinit)
                  80009360    00000080                 : fltlid.obj (.text:__fltlid)
                  800093e0    00000080                 : llshift.obj (.text:__llshl)
                  80009460    00000080                 : boot.obj (.text:_c_int00)
                  800094e0    00000080                 : printf.obj (.text:_printf)
                  80009560    00000080                 : trgmsg.obj (.text:_readmsg)
                  800095e0    00000080                 : lowlev.obj (.text:_unlink)
                  80009660    00000060                 : imath64.obj (.text:__subcull)
                  800096c0    00000060                 : fopen.obj (.text:_fopen)
                  80009720    00000060                 : memccpy.obj (.text:_memccpy)
                  80009780    00000060                 : strcpy.obj (.text:_strcpy)
                  800097e0    00000060                 : trgmsg.obj (.text:_writemsg)
                  80009840    00000040                 : isinf.obj (.text:___isinf)
                  80009880    00000040                 : _printfi.obj (.text:___isnan)
                  800098c0    00000040                 : args_main.obj (.text:__args_main)
                  80009900    00000040                 : frcmpyd_div.obj (.text:__frcmpyd_div)
                  80009940    00000040                 : llshift.obj (.text:__llshru)
                  80009980    00000040                 : imath40.obj (.text:__remli)
                  800099c0    00000040                 : abs.obj (.text:_llabs)
                  80009a00    00000020                 : negll.obj (.text:__negll)
                  80009a20    00000020                 : _lock.obj (.text:__nop)
                  80009a40    00000020                 : printf.obj (.text:__outc)
                  80009a60    00000020                 : printf.obj (.text:__outs)
                  80009a80    00000020                 : exit.obj (.text:_abort)
                  80009aa0    00000020                 : remove.obj (.text:_remove)

.data      0    80000000    00000000     UNINITIALIZED

.sysmem    0    80009ac0    00004000     UNINITIALIZED
                  80009ac0    00000008     rts6740.lib : memory.obj (.sysmem)
                  80009ac8    00003ff8     --HOLE--

.far       0    8000dac0    000026b8     UNINITIALIZED
                  8000dac0    00001000     ISAAC.obj (.far)
                  8000eac0    00000b50     main.obj (.far)
                  8000f610    000003cc     global.obj (.far)
                  8000f9dc    00000004     rts6740.lib : errno.obj (.far)
                  8000f9e0    00000324                 : defs.obj (.far)
                  8000fd04    00000004                 : fopen.obj (.far)
                  8000fd08    00000158     hash.obj (.far)
                  8000fe60    0000011c     rts6740.lib : lowlev.obj (.far)
                  8000ff7c    00000004     --HOLE--
                  8000ff80    00000100     globals.obj (.far)
                  80010080    000000d0     rts6740.lib : trgdrv.obj (.far)
                  80010150    0000000c                 : exit.obj (.far)
                  8001015c    00000008                 : _lock.obj (.far)
                  80010164    00000008                 : memory.obj (.far)
                  8001016c    00000004     --HOLE--
                  80010170    00000008                 : rand.obj (.far)

.stack     0    80010178    00002000     UNINITIALIZED
                  80010178    00000008     rts6740.lib : boot.obj (.stack)
                  80010180    00001ff8     --HOLE--

.cinit     0    80012178    00000924     
                  80012178    0000040c     global.obj (.cinit)
                  80012584    00000004     --HOLE-- [fill = 0]
                  80012588    0000021a     main.obj (.cinit)
                  800127a2    00000006     --HOLE-- [fill = 0]
                  800127a8    00000130     globals.obj (.cinit)
                  800128d8    0000005c     rts6740.lib : defs.obj (.cinit)
                  80012934    00000004     --HOLE-- [fill = 0]
                  80012938    0000005c                 : lowlev.obj (.cinit)
                  80012994    00000004     --HOLE-- [fill = 0]
                  80012998    00000030     ISAAC.obj (.cinit)
                  800129c8    0000002c     rts6740.lib : exit.obj (.cinit)
                  800129f4    00000004     --HOLE-- [fill = 0]
                  800129f8    0000002c                 : memory.obj (.cinit)
                  80012a24    00000004     --HOLE-- [fill = 0]
                  80012a28    0000001c                 : _lock.obj (.cinit)
                  80012a44    00000004     --HOLE-- [fill = 0]
                  80012a48    00000010                 : rand.obj (.cinit)
                  80012a58    0000000c     hash.obj (.cinit)
                  80012a64    00000004     --HOLE-- [fill = 0]
                  80012a68    0000000c     rand.obj (.cinit)
                  80012a74    00000004     --HOLE-- [fill = 0]
                  80012a78    0000000c     rts6740.lib : errno.obj (.cinit)
                  80012a84    00000004     --HOLE-- [fill = 0]
                  80012a88    0000000c                 : fopen.obj (.cinit)
                  80012a94    00000004     --HOLE-- [fill = 0]
                  80012a98    00000004     (.pad.cinit) [fill = 0]

.const     0    80012aa0    00000767     
                  80012aa0    000003cc     wavpcm_io.obj (.const)
                  80012e6c    00000178     util.obj (.const)
                  80012fe4    00000003     rts6740.lib : assert.obj (.const)
                  80012fe7    00000001     --HOLE-- [fill = 0]
                  80012fe8    00000101                 : ctype.obj (.const:__ctypes_)
                  800130e9    00000002                 : fputs.obj (.const)
                  800130eb    00000001     --HOLE-- [fill = 0]
                  800130ec    00000090     sha3.obj (.const)
                  8001317c    00000068     main.obj (.const)
                  800131e4    00000023     rts6740.lib : _printfi.obj (.const)

.cio       0    80013208    00000120     UNINITIALIZED
                  80013208    00000120     rts6740.lib : trgmsg.obj (.cio)

.bss       0    80013328    0000007e     UNINITIALIZED
                  80013328    00000050     cryptoMain.obj (.bss)
                  80013378    00000020     ISAAC.obj (.bss)
                  80013398    00000008     rand.obj (.bss)
                  800133a0    00000004     hash.obj (.bss)
                  800133a4    00000002     main.obj (.bss)


GLOBAL SYMBOLS: SORTED ALPHABETICALLY BY Name 

address    name
--------   ----
80013328   $bss
80013328   .bss
80000000   .data
80000000   .text
80009a80   C$$EXIT
80009838   C$$IO$$
8000f940   _GENERATOR
80008be0   _HOSTclose
80007760   _HOSTlseek
80007b60   _HOSTopen
800080a0   _HOSTread
80006900   _HOSTrename
80008160   _HOSTunlink
80008220   _HOSTwrite
8000ebd0   _HighParams
8000ec38   _HighStartValuesLeftDequantize
8000ec18   _HighStartValuesLeftQuantize
8000edb8   _HighStartValuesRightDequantize
8000ed98   _HighStartValuesRightQuantize
8000ebf8   _HighValuesLeftDequantize
8000ebd8   _HighValuesLeftQuantize
8000ed78   _HighValuesRightDequantize
8000ed58   _HighValuesRightQuantize
8000eb48   _LowHighParams
8000ebb0   _LowHighStartValuesLeftDequantize
8000eb90   _LowHighStartValuesLeftQuantize
8000ed38   _LowHighStartValuesRightDequantize
8000ed18   _LowHighStartValuesRightQuantize
8000eb70   _LowHighValuesLeftDequantize
8000eb50   _LowHighValuesLeftQuantize
8000ecf8   _LowHighValuesRightDequantize
8000ecd8   _LowHighValuesRightQuantize
8000eac0   _LowLowParams
8000eb28   _LowLowStartValuesLeftDequantize
8000eae8   _LowLowStartValuesLeftQuantize
8000ecb8   _LowLowStartValuesRightDequantize
8000ec98   _LowLowStartValuesRightQuantize
8000eb08   _LowLowValuesLeftDequantize
8000eac8   _LowLowValuesLeftQuantize
8000ec78   _LowLowValuesRightDequantize
8000ec58   _LowLowValuesRightQuantize
8000f610   _MODULUS_MASTER
8000f758   _MODULUS_SLAVE
8000f8a0   _PRIME
8000f6b8   _PRIVATE_EXPONENT_MASTER
8000f800   _PRIVATE_EXPONENT_SLAVE
8000f6b0   _PUBLIC_EXPONENT_MASTER
8000f7f8   _PUBLIC_EXPONENT_SLAVE
80013208   __CIOBUF_
80012178   __STACK_END
00002000   __STACK_SIZE
00004000   __SYSMEM_SIZE
00000001   __TI_args_main
80010158   ___TI_enable_exit_profile_output
ffffffff   ___TI_pprof_out_hndl
ffffffff   ___TI_prof_data_size
ffffffff   ___TI_prof_data_start
ffffffff   ___binit__
80013328   ___bss__
ffffffff   ___c_args__
80012178   ___cinit__
80000000   ___data__
80000000   ___edata__
800133a6   ___end__
80009ac0   ___etext__
80009840   ___isinf
ffffffff   ___pinit__
80000000   ___text__
800098c0   __args_main
80007860   __auto_init
80006f00   __buff_read
80007c40   __c6xabi_divi
80008460   __c6xabi_divu
800086a0   __c6xabi_remi
800082e0   __cleanup
80010150   __cleanup_ptr
80012fe8   __ctypes_
80002020   __divd
80007c40   __divi
80008c80   __divli
80007400   __divlli
80008460   __divu
80006760   __divul
80005680   __divull
80008520   __doflush
80010154   __dtors_ptr
80008e60   __fixdli
80009360   __fltlid
80009900   __frcmpyd_div
8000fd00   __ft_end
8000f9e0   __ftable
800093e0   __llshl
80009940   __llshru
8001015c   __lock
80009a00   __negll
80009a20   __nop
80003920   __printfi
800085e0   __rd_ok
800086a0   __remi
80009980   __remli
80010178   __stack
80009660   __subcull
80009ac0   __sys_memory
8000fbc0   __tmpnams
80010160   __unlock
80007a60   __wrt_ok
80009a80   _abort
80000000   _addBufferToHistory
80000708   _analysis
80007d20   _atoi
80013328   _b0
8001332c   _b1
80013330   _b2
80013334   _b3
80013338   _b4
8001333c   _b5
80013340   _b6
80013344   _b7
80013348   _b8
8001334c   _b9
80009460   _c_int00
80007e00   _close
80000308   _combine
80001af0   _combineWithoutDelay
80003d60   _compress30Samples
800000ec   _convolve
800015e0   _copyToHistoryChunk
80000494   _copyToLowerLayer
80001758   _copyToUpperLayer
80008fa0   _copy_in
80013398   _count
8000fd08   _ctx
80003ef4   _decompress30samples
80005d80   _dequantize
80013350   _e0
80013354   _e1
80013358   _e2
8001335c   _e3
80013360   _e4
80013364   _e5
80013368   _e6
8001336c   _e7
80013370   _e8
80013374   _e9
8000f9dc   _errno
80007ee0   _exit
80007640   _fclose
8000ff80   _filter1Even
8000ffc0   _filter1Odd
80010000   _filter2Even
80010020   _filter2Odd
80010040   _filter3Even
80010060   _filter3Odd
800096c0   _fopen
80007180   _fputc
800040e0   _fputs
80005160   _fread
80005400   _free
80008760   _fseek
80008820   _ftell
800034a0   _fwrite
8000edd8   _historyChunkAnalysis
8000f088   _historyChunkSynthesis
800133a0   _initHash
8001339c   _initRand
8000f338   _largeCryptoBuffer
800099c0   _llabs
800088e0   _lseek
800089a0   _ltoa
80002b40   _main
80006a80   _malloc
80009720   _memccpy
800090e0   _memcpy
80007fc0   _memset
80006c00   _open
800133a4   _placeInLargeBuffer
800094e0   _printf
80007180   _putc
80004960   _quantize
80013378   _randcnt
8000dac0   _randrsl
80008a60   _read
80009560   _readmsg
80009aa0   _remove
80006d80   _setvbuf
80009780   _strcpy
80001bcc   _synthesis
800095e0   _unlink
8000f5c0   _wavbuffer
80001198   _wavpcm_input_close
80000b00   _wavpcm_input_open
80000f18   _wavpcm_input_read
8000114c   _wavpcm_input_seek
80001480   _wavpcm_output_close
80001224   _wavpcm_output_copy_settings
800011b0   _wavpcm_output_open
800012d8   _wavpcm_output_write
80008b20   _write
800019ec   _writeHistoryInBuffer
800097e0   _writemsg
ffffffff   binit
80012178   cinit
80000000   edata
800133a6   end
80009ac0   etext
ffffffff   pinit


GLOBAL SYMBOLS: SORTED BY Symbol Address 

address    name
--------   ----
00000001   __TI_args_main
00002000   __STACK_SIZE
00004000   __SYSMEM_SIZE
80000000   .data
80000000   .text
80000000   ___data__
80000000   ___edata__
80000000   ___text__
80000000   _addBufferToHistory
80000000   edata
800000ec   _convolve
80000308   _combine
80000494   _copyToLowerLayer
80000708   _analysis
80000b00   _wavpcm_input_open
80000f18   _wavpcm_input_read
8000114c   _wavpcm_input_seek
80001198   _wavpcm_input_close
800011b0   _wavpcm_output_open
80001224   _wavpcm_output_copy_settings
800012d8   _wavpcm_output_write
80001480   _wavpcm_output_close
800015e0   _copyToHistoryChunk
80001758   _copyToUpperLayer
800019ec   _writeHistoryInBuffer
80001af0   _combineWithoutDelay
80001bcc   _synthesis
80002020   __divd
80002b40   _main
800034a0   _fwrite
80003920   __printfi
80003d60   _compress30Samples
80003ef4   _decompress30samples
800040e0   _fputs
80004960   _quantize
80005160   _fread
80005400   _free
80005680   __divull
80005d80   _dequantize
80006760   __divul
80006900   _HOSTrename
80006a80   _malloc
80006c00   _open
80006d80   _setvbuf
80006f00   __buff_read
80007180   _fputc
80007180   _putc
80007400   __divlli
80007640   _fclose
80007760   _HOSTlseek
80007860   __auto_init
80007a60   __wrt_ok
80007b60   _HOSTopen
80007c40   __c6xabi_divi
80007c40   __divi
80007d20   _atoi
80007e00   _close
80007ee0   _exit
80007fc0   _memset
800080a0   _HOSTread
80008160   _HOSTunlink
80008220   _HOSTwrite
800082e0   __cleanup
80008460   __c6xabi_divu
80008460   __divu
80008520   __doflush
800085e0   __rd_ok
800086a0   __c6xabi_remi
800086a0   __remi
80008760   _fseek
80008820   _ftell
800088e0   _lseek
800089a0   _ltoa
80008a60   _read
80008b20   _write
80008be0   _HOSTclose
80008c80   __divli
80008e60   __fixdli
80008fa0   _copy_in
800090e0   _memcpy
80009360   __fltlid
800093e0   __llshl
80009460   _c_int00
800094e0   _printf
80009560   _readmsg
800095e0   _unlink
80009660   __subcull
800096c0   _fopen
80009720   _memccpy
80009780   _strcpy
800097e0   _writemsg
80009838   C$$IO$$
80009840   ___isinf
800098c0   __args_main
80009900   __frcmpyd_div
80009940   __llshru
80009980   __remli
800099c0   _llabs
80009a00   __negll
80009a20   __nop
80009a80   C$$EXIT
80009a80   _abort
80009aa0   _remove
80009ac0   ___etext__
80009ac0   __sys_memory
80009ac0   etext
8000dac0   _randrsl
8000eac0   _LowLowParams
8000eac8   _LowLowValuesLeftQuantize
8000eae8   _LowLowStartValuesLeftQuantize
8000eb08   _LowLowValuesLeftDequantize
8000eb28   _LowLowStartValuesLeftDequantize
8000eb48   _LowHighParams
8000eb50   _LowHighValuesLeftQuantize
8000eb70   _LowHighValuesLeftDequantize
8000eb90   _LowHighStartValuesLeftQuantize
8000ebb0   _LowHighStartValuesLeftDequantize
8000ebd0   _HighParams
8000ebd8   _HighValuesLeftQuantize
8000ebf8   _HighValuesLeftDequantize
8000ec18   _HighStartValuesLeftQuantize
8000ec38   _HighStartValuesLeftDequantize
8000ec58   _LowLowValuesRightQuantize
8000ec78   _LowLowValuesRightDequantize
8000ec98   _LowLowStartValuesRightQuantize
8000ecb8   _LowLowStartValuesRightDequantize
8000ecd8   _LowHighValuesRightQuantize
8000ecf8   _LowHighValuesRightDequantize
8000ed18   _LowHighStartValuesRightQuantize
8000ed38   _LowHighStartValuesRightDequantize
8000ed58   _HighValuesRightQuantize
8000ed78   _HighValuesRightDequantize
8000ed98   _HighStartValuesRightQuantize
8000edb8   _HighStartValuesRightDequantize
8000edd8   _historyChunkAnalysis
8000f088   _historyChunkSynthesis
8000f338   _largeCryptoBuffer
8000f5c0   _wavbuffer
8000f610   _MODULUS_MASTER
8000f6b0   _PUBLIC_EXPONENT_MASTER
8000f6b8   _PRIVATE_EXPONENT_MASTER
8000f758   _MODULUS_SLAVE
8000f7f8   _PUBLIC_EXPONENT_SLAVE
8000f800   _PRIVATE_EXPONENT_SLAVE
8000f8a0   _PRIME
8000f940   _GENERATOR
8000f9dc   _errno
8000f9e0   __ftable
8000fbc0   __tmpnams
8000fd00   __ft_end
8000fd08   _ctx
8000ff80   _filter1Even
8000ffc0   _filter1Odd
80010000   _filter2Even
80010020   _filter2Odd
80010040   _filter3Even
80010060   _filter3Odd
80010150   __cleanup_ptr
80010154   __dtors_ptr
80010158   ___TI_enable_exit_profile_output
8001015c   __lock
80010160   __unlock
80010178   __stack
80012178   __STACK_END
80012178   ___cinit__
80012178   cinit
80012fe8   __ctypes_
80013208   __CIOBUF_
80013328   $bss
80013328   .bss
80013328   ___bss__
80013328   _b0
8001332c   _b1
80013330   _b2
80013334   _b3
80013338   _b4
8001333c   _b5
80013340   _b6
80013344   _b7
80013348   _b8
8001334c   _b9
80013350   _e0
80013354   _e1
80013358   _e2
8001335c   _e3
80013360   _e4
80013364   _e5
80013368   _e6
8001336c   _e7
80013370   _e8
80013374   _e9
80013378   _randcnt
80013398   _count
8001339c   _initRand
800133a0   _initHash
800133a4   _placeInLargeBuffer
800133a6   ___end__
800133a6   end
ffffffff   ___TI_pprof_out_hndl
ffffffff   ___TI_prof_data_size
ffffffff   ___TI_prof_data_start
ffffffff   ___binit__
ffffffff   ___c_args__
ffffffff   ___pinit__
ffffffff   binit
ffffffff   pinit

[206 symbols]
