******************************************************************************
               TMS320C6x Linker PC v7.4.4                      
******************************************************************************
>> Linked Sat Apr 23 14:04:24 2016

OUTPUT FILE NAME:   <PnD_Speech_Codec_Koen_Seppe.out>
ENTRY POINT SYMBOL: "_c_int00"  address: 80009c80


MEMORY CONFIGURATION

         name            origin    length      used     unused   attr    fill
----------------------  --------  ---------  --------  --------  ----  --------
  DSPL2ROM              00700000   00010000  00000000  00010000  RWIX
  DSPL2RAM              00800000   00040000  00000000  00040000  RWIX
  DSPL1PRAM             00e00000   00008000  00000000  00008000  RWIX
  DSPL1DRAM             00f00000   00008000  00000000  00008000  RWIX
  SHDSPL2ROM            11700000   00010000  00000000  00010000  RWIX
  SHDSPL2RAM            11800000   00040000  00000000  00040000  RWIX
  SHDSPL1PRAM           11e00000   00008000  00000000  00008000  RWIX
  SHDSPL1DRAM           11f00000   00008000  00000000  00008000  RWIX
  EMIFACS0              40000000   20000000  00000000  20000000  RWIX
  EMIFACS2              60000000   02000000  00000000  02000000  RWIX
  EMIFACS3              62000000   02000000  00000000  02000000  RWIX
  EMIFACS4              64000000   02000000  00000000  02000000  RWIX
  EMIFACS5              66000000   02000000  00000000  02000000  RWIX
  SHRAM                 80000000   00020000  0001395b  0000c6a5  RWIX
  DDR2                  c0000000   20000000  00000000  20000000  RWIX


SECTION ALLOCATION MAP

 output                                  attributes/
section   page    origin      length       input sections
--------  ----  ----------  ----------   ----------------
.pinit     0    80000000    00000000     UNINITIALIZED

.text      0    80000000    0000a320     
                  80000000    00001680     analysis.obj (.text)
                  80001680    00000980     wavpcm_io.obj (.text)
                  80002000    00000960     synthesis.obj (.text)
                  80002960    000005a0     rts6740.lib : divd.obj (.text:__divd)
                  80002f00    00000580                 : _printfi.obj (.text:__getarg_diouxp)
                  80003480    000004c0                 : fwrite.obj (.text:_fwrite)
                  80003940    000004c0     main.obj (.text)
                  80003e00    00000440     rts6740.lib : _printfi.obj (.text:__printfi)
                  80004240    00000440                 : _printfi.obj (.text:__setfield)
                  80004680    000003a0                 : fputs.obj (.text:_fputs)
                  80004a20    00000320                 : _printfi.obj (.text:__pproc_fge)
                  80004d40    000002c0                 : _printfi.obj (.text:__pproc_fwp)
                  80005000    000002c0                 : fread.obj (.text:_fread)
                  800052c0    000002a0                 : _printfi.obj (.text:_ecvt)
                  80005560    000002a0                 : _printfi.obj (.text:_fcvt)
                  80005800    00000280                 : memory.obj (.text:_free)
                  80005a80    00000260                 : imath64.obj (.text:__divull)
                  80005ce0    00000260                 : _printfi.obj (.text:__pconv_e)
                  80005f40    00000240                 : _printfi.obj (.text:__pproc_diouxp)
                  80006180    00000220                 : _printfi.obj (.text:__pproc_str)
                  800063a0    00000220                 : fputc.obj (.text:_fputc)
                  800065c0    00000200                 : _printfi.obj (.text:__pconv_g)
                  800067c0    00000200                 : setvbuf.obj (.text:_setvbuf)
                  800069c0    000001e0     quantize.obj (.text)
                  80006ba0    000001c0     rts6740.lib : _printfi.obj (.text:__mcpy)
                  80006d60    000001c0                 : fopen.obj (.text:__openfile)
                  80006f20    000001a0                 : imath40.obj (.text:__divul)
                  800070c0    00000180                 : trgdrv.obj (.text:_HOSTrename)
                  80007240    00000180                 : memory.obj (.text:_malloc)
                  800073c0    00000180                 : lowlev.obj (.text:_open)
                  80007540    00000180     dequantize.obj (.text)
                  800076c0    00000160     bitManipulation.obj (.text)
                  80007820    00000140     rts6740.lib : _printfi.obj (.text:__pproc_fflags)
                  80007960    00000140                 : ftell.obj (.text:_ftell)
                  80007aa0    00000140                 : lowlev.obj (.text:_getdevice)
                  80007be0    00000120                 : _bufread.obj (.text:__buff_read)
                  80007d00    00000120                 : fclose.obj (.text:__closefile)
                  80007e20    00000120                 : imath64.obj (.text:__divlli)
                  80007f40    00000120                 : _printfi.obj (.text:__ltostr)
                  80008060    00000120                 : fopen.obj (.text:__search_fp)
                  80008180    00000120                 : fseek.obj (.text:_fseek)
                  800082a0    00000100                 : trgdrv.obj (.text:_HOSTlseek)
                  800083a0    00000100                 : _io_perm.obj (.text:__wrt_ok)
                  800084a0    000000e0                 : trgdrv.obj (.text:_HOSTopen)
                  80008580    000000e0                 : divi.obj (.text:__divi)
                  80008660    000000e0                 : atoi.obj (.text:_atoi)
                  80008740    000000e0                 : lowlev.obj (.text:_close)
                  80008820    000000e0                 : memset.obj (.text:_memset)
                  80008900    000000e0                 : printf.obj (.text:_printf)
                  800089e0    000000c0                 : trgdrv.obj (.text:_HOSTread)
                  80008aa0    000000c0                 : trgdrv.obj (.text:_HOSTunlink)
                  80008b60    000000c0                 : trgdrv.obj (.text:_HOSTwrite)
                  80008c20    000000c0                 : autoinit.obj (.text:__auto_init)
                  80008ce0    000000c0                 : _printfi.obj (.text:__div)
                  80008da0    000000c0                 : divu.obj (.text:__divu)
                  80008e60    000000c0                 : fflush.obj (.text:__doflush)
                  80008f20    000000c0                 : _io_perm.obj (.text:__rd_ok)
                  80008fe0    000000c0                 : remi.obj (.text:__remi)
                  800090a0    000000c0                 : exit.obj (.text:_exit)
                  80009160    000000c0                 : ltoa.obj (.text:_ltoa)
                  80009220    000000a0                 : trgdrv.obj (.text:_HOSTclose)
                  800092c0    000000a0                 : fopen.obj (.text:__cleanup)
                  80009360    000000a0                 : imath40.obj (.text:__divli)
                  80009400    000000a0                 : _printfi.obj (.text:__ecpy)
                  800094a0    000000a0                 : _printfi.obj (.text:__fcpy)
                  80009540    000000a0                 : fixdli.obj (.text:__fixdli)
                  800095e0    000000a0                 : _printfi.obj (.text:__pconv_f)
                  80009680    000000a0                 : cpy_tbl.obj (.text:_copy_in)
                  80009720    000000a0                 : lowlev.obj (.text:_finddevice)
                  800097c0    000000a0                 : lowlev.obj (.text:_lseek)
                  80009860    000000a0                 : memcpy64.obj (.text:_memcpy)
                  80009900    000000a0                 : memory.obj (.text:_minsert)
                  800099a0    000000a0                 : memory.obj (.text:_mremove)
                  80009a40    000000a0                 : lowlev.obj (.text:_read)
                  80009ae0    000000a0                 : lowlev.obj (.text:_write)
                  80009b80    00000080                 : fltlid.obj (.text:__fltlid)
                  80009c00    00000080                 : llshift.obj (.text:__llshl)
                  80009c80    00000080                 : boot.obj (.text:_c_int00)
                  80009d00    00000080                 : trgmsg.obj (.text:_readmsg)
                  80009d80    00000080                 : lowlev.obj (.text:_unlink)
                  80009e00    00000060                 : cpp_init.obj (.text:___TI_cpp_init)
                  80009e60    00000060                 : imath64.obj (.text:__subcull)
                  80009ec0    00000060                 : fclose.obj (.text:_fclose)
                  80009f20    00000060                 : fopen.obj (.text:_fopen)
                  80009f80    00000060                 : memccpy.obj (.text:_memccpy)
                  80009fe0    00000060                 : lowlev.obj (.text:_tabinit)
                  8000a040    00000060                 : trgmsg.obj (.text:_writemsg)
                  8000a0a0    00000040                 : isinf.obj (.text:___isinf)
                  8000a0e0    00000040                 : _printfi.obj (.text:___isnan)
                  8000a120    00000040                 : args_main.obj (.text:__args_main)
                  8000a160    00000040                 : frcmpyd_div.obj (.text:__frcmpyd_div)
                  8000a1a0    00000040                 : llshift.obj (.text:__llshru)
                  8000a1e0    00000040                 : imath40.obj (.text:__remli)
                  8000a220    00000040                 : abs.obj (.text:_llabs)
                  8000a260    00000020                 : negll.obj (.text:__negll)
                  8000a280    00000020                 : _lock.obj (.text:__nop)
                  8000a2a0    00000020                 : printf.obj (.text:__outc)
                  8000a2c0    00000020                 : printf.obj (.text:__outs)
                  8000a2e0    00000020                 : exit.obj (.text:_abort)
                  8000a300    00000020                 : remove.obj (.text:_remove)

.data      0    80000000    00000000     UNINITIALIZED

.sysmem    0    8000a320    00004000     UNINITIALIZED
                  8000a320    00000008     rts6740.lib : memory.obj (.sysmem)
                  8000a328    00003ff8     --HOLE--

.far       0    8000e320    000025f0     UNINITIALIZED
                  8000e320    00001000     ISAAC.obj (.far)
                  8000f320    00000b50     main.obj (.far)
                  8000fe70    000003cc     global.obj (.far)
                  8001023c    00000004     rts6740.lib : errno.obj (.far)
                  80010240    00000324                 : defs.obj (.far)
                  80010564    00000004                 : fopen.obj (.far)
                  80010568    00000158     hash.obj (.far)
                  800106c0    0000011c     rts6740.lib : lowlev.obj (.far)
                  800107dc    00000004     --HOLE--
                  800107e0    00000100     globals.obj (.far)
                  800108e0    0000000c     rts6740.lib : exit.obj (.far)
                  800108ec    00000008                 : _lock.obj (.far)
                  800108f4    00000008                 : memory.obj (.far)
                  800108fc    00000004     --HOLE--
                  80010900    00000008                 : rand.obj (.far)
                  80010908    00000008                 : trgdrv.obj (.far)

.stack     0    80010910    00002000     UNINITIALIZED
                  80010910    00000008     rts6740.lib : boot.obj (.stack)
                  80010918    00001ff8     --HOLE--

.cinit     0    80012910    00000924     
                  80012910    0000040c     global.obj (.cinit)
                  80012d1c    00000004     --HOLE-- [fill = 0]
                  80012d20    0000021a     main.obj (.cinit)
                  80012f3a    00000006     --HOLE-- [fill = 0]
                  80012f40    00000130     globals.obj (.cinit)
                  80013070    0000005c     rts6740.lib : defs.obj (.cinit)
                  800130cc    00000004     --HOLE-- [fill = 0]
                  800130d0    0000005c                 : lowlev.obj (.cinit)
                  8001312c    00000004     --HOLE-- [fill = 0]
                  80013130    00000030     ISAAC.obj (.cinit)
                  80013160    0000002c     rts6740.lib : exit.obj (.cinit)
                  8001318c    00000004     --HOLE-- [fill = 0]
                  80013190    0000002c                 : memory.obj (.cinit)
                  800131bc    00000004     --HOLE-- [fill = 0]
                  800131c0    0000001c                 : _lock.obj (.cinit)
                  800131dc    00000004     --HOLE-- [fill = 0]
                  800131e0    00000010                 : rand.obj (.cinit)
                  800131f0    0000000c     hash.obj (.cinit)
                  800131fc    00000004     --HOLE-- [fill = 0]
                  80013200    0000000c     rand.obj (.cinit)
                  8001320c    00000004     --HOLE-- [fill = 0]
                  80013210    0000000c     rts6740.lib : errno.obj (.cinit)
                  8001321c    00000004     --HOLE-- [fill = 0]
                  80013220    0000000c                 : fopen.obj (.cinit)
                  8001322c    00000004     --HOLE-- [fill = 0]
                  80013230    00000004     (.pad.cinit) [fill = 0]

.const     0    80013238    00000589     
                  80013238    000001e7     wavpcm_io.obj (.const:.string)
                  8001341f    00000178     util.obj (.const:.string)
                  80013597    00000001     --HOLE-- [fill = 0]
                  80013598    00000101     rts6740.lib : ctype.obj (.const:.string:__ctypes_)
                  80013699    0000008f     sha3.obj (.const:.string)
                  80013728    00000071     main.obj (.const:.string)
                  80013799    00000023     rts6740.lib : _printfi.obj (.const:.string)
                  800137bc    00000003                 : assert.obj (.const:.string)
                  800137bf    00000002                 : fputs.obj (.const:.string)

.cio       0    800137c8    00000120     UNINITIALIZED
                  800137c8    00000120     rts6740.lib : trgmsg.obj (.cio)

.bss       0    800138e8    0000007e     UNINITIALIZED
                  800138e8    00000050     cryptoMain.obj (.bss)
                  80013938    00000020     ISAAC.obj (.bss)
                  80013958    00000008     rand.obj (.bss)
                  80013960    00000004     hash.obj (.bss)
                  80013964    00000002     main.obj (.bss)


GLOBAL SYMBOLS: SORTED ALPHABETICALLY BY Name 

address    name
--------   ----
800138e8   $bss
800138e8   .bss
80000000   .data
80000000   .text
8000a2e0   C$$EXIT
8000a098   C$$IO$$
800101a0   _GENERATOR
80009220   _HOSTclose
800082a0   _HOSTlseek
800084a0   _HOSTopen
800089e0   _HOSTread
800070c0   _HOSTrename
80008aa0   _HOSTunlink
80008b60   _HOSTwrite
8000f430   _HighParams
8000f498   _HighStartValuesLeftDequantize
8000f478   _HighStartValuesLeftQuantize
8000f618   _HighStartValuesRightDequantize
8000f5f8   _HighStartValuesRightQuantize
8000f458   _HighValuesLeftDequantize
8000f438   _HighValuesLeftQuantize
8000f5d8   _HighValuesRightDequantize
8000f5b8   _HighValuesRightQuantize
8000f3a8   _LowHighParams
8000f410   _LowHighStartValuesLeftDequantize
8000f3f0   _LowHighStartValuesLeftQuantize
8000f598   _LowHighStartValuesRightDequantize
8000f578   _LowHighStartValuesRightQuantize
8000f3d0   _LowHighValuesLeftDequantize
8000f3b0   _LowHighValuesLeftQuantize
8000f558   _LowHighValuesRightDequantize
8000f538   _LowHighValuesRightQuantize
8000f320   _LowLowParams
8000f388   _LowLowStartValuesLeftDequantize
8000f348   _LowLowStartValuesLeftQuantize
8000f518   _LowLowStartValuesRightDequantize
8000f4f8   _LowLowStartValuesRightQuantize
8000f368   _LowLowValuesLeftDequantize
8000f328   _LowLowValuesLeftQuantize
8000f4d8   _LowLowValuesRightDequantize
8000f4b8   _LowLowValuesRightQuantize
8000fe70   _MODULUS_MASTER
8000ffb8   _MODULUS_SLAVE
80010100   _PRIME
8000ff18   _PRIVATE_EXPONENT_MASTER
80010060   _PRIVATE_EXPONENT_SLAVE
8000ff10   _PUBLIC_EXPONENT_MASTER
80010058   _PUBLIC_EXPONENT_SLAVE
800137c8   __CIOBUF_
80012910   __STACK_END
00002000   __STACK_SIZE
00004000   __SYSMEM_SIZE
00000001   __TI_args_main
80009e00   ___TI_cpp_init
800108e8   ___TI_enable_exit_profile_output
ffffffff   ___TI_pprof_out_hndl
ffffffff   ___TI_prof_data_size
ffffffff   ___TI_prof_data_start
ffffffff   ___binit__
800138e8   ___bss__
ffffffff   ___c_args__
80012910   ___cinit__
80000000   ___data__
80000000   ___edata__
80013966   ___end__
8000a320   ___etext__
8000a0a0   ___isinf
ffffffff   ___pinit__
80000000   ___text__
8000a120   __args_main
80008c20   __auto_init
80007be0   __buff_read
80008580   __c6xabi_divi
80008da0   __c6xabi_divu
80008fe0   __c6xabi_remi
800092c0   __cleanup
800108e0   __cleanup_ptr
80007d00   __closefile
80013598   __ctypes_
80002960   __divd
80008580   __divi
80009360   __divli
80007e20   __divlli
80008da0   __divu
80006f20   __divul
80005a80   __divull
80008e60   __doflush
800108e4   __dtors_ptr
80009540   __fixdli
80009b80   __fltlid
8000a160   __frcmpyd_div
80010560   __ft_end
80010240   __ftable
80009c00   __llshl
8000a1a0   __llshru
800108ec   __lock
8000a260   __negll
8000a280   __nop
80003e00   __printfi
80008f20   __rd_ok
80008fe0   __remi
8000a1e0   __remli
80010910   __stack
80009e60   __subcull
8000a320   __sys_memory
80010420   __tmpnams
800108f0   __unlock
800083a0   __wrt_ok
8000a2e0   _abort
800012d8   _addBufferToHistory
80001374   _analysis
80008660   _atoi
800138e8   _b0
800138ec   _b1
800138f0   _b2
800138f4   _b3
800138f8   _b4
800138fc   _b5
80013900   _b6
80013904   _b7
80013908   _b8
8001390c   _b9
80009c80   _c_int00
80008740   _close
800011f8   _combine
80002184   _combineWithoutDelay
80007764   _compress30Samples
80001020   _convolve
80000c60   _convolveFilter2Even
80000888   _convolveFilter2Odd
80000580   _convolveFilter3Even
8000026c   _convolveFilter3Odd
80002090   _copyToHistoryChunk
80000000   _copyToLowerLayer
8000220c   _copyToUpperLayer
80009680   _copy_in
80013958   _count
80010568   _ctx
800076c0   _decompress30samples
80007540   _dequantize
80013910   _e0
80013914   _e1
80013918   _e2
8001391c   _e3
80013920   _e4
80013924   _e5
80013928   _e6
8001392c   _e7
80013930   _e8
80013934   _e9
8001023c   _errno
800090a0   _exit
80009ec0   _fclose
800107e0   _filter1Even
80010820   _filter1Odd
80010860   _filter2Even
80010880   _filter2Odd
800108a0   _filter3Even
800108c0   _filter3Odd
80009f20   _fopen
800063a0   _fputc
80004680   _fputs
80005000   _fread
80005800   _free
80008180   _fseek
80007960   _ftell
80003480   _fwrite
8000f638   _historyChunkAnalysis
8000f8e8   _historyChunkSynthesis
80013960   _initHash
8001395c   _initRand
8000fb98   _largeCryptoBuffer
8000a220   _llabs
800097c0   _lseek
80009160   _ltoa
80003940   _main
80007240   _malloc
80009f80   _memccpy
80009860   _memcpy
80008820   _memset
800073c0   _open
80013964   _placeInLargeBuffer
80008900   _printf
800063a0   _putc
800069c0   _quantize
80013938   _randcnt
8000e320   _randrsl
80009a40   _read
80009d00   _readmsg
8000a300   _remove
800067c0   _setvbuf
8000260c   _synthesis
80009d80   _unlink
8000fe20   _wavbuffer
80001ff0   _wavpcm_input_close
80001d2c   _wavpcm_input_open
80001b24   _wavpcm_input_read
80001b00   _wavpcm_input_seek
800019d4   _wavpcm_output_close
80001900   _wavpcm_output_copy_settings
80001880   _wavpcm_output_open
80001680   _wavpcm_output_write
80009ae0   _write
80002000   _writeHistoryInBuffer
8000a040   _writemsg
ffffffff   binit
80012910   cinit
80000000   edata
80013966   end
8000a320   etext
ffffffff   pinit


GLOBAL SYMBOLS: SORTED BY Symbol Address 

address    name
--------   ----
00000001   __TI_args_main
00002000   __STACK_SIZE
00004000   __SYSMEM_SIZE
80000000   .data
80000000   .text
80000000   ___data__
80000000   ___edata__
80000000   ___text__
80000000   _copyToLowerLayer
80000000   edata
8000026c   _convolveFilter3Odd
80000580   _convolveFilter3Even
80000888   _convolveFilter2Odd
80000c60   _convolveFilter2Even
80001020   _convolve
800011f8   _combine
800012d8   _addBufferToHistory
80001374   _analysis
80001680   _wavpcm_output_write
80001880   _wavpcm_output_open
80001900   _wavpcm_output_copy_settings
800019d4   _wavpcm_output_close
80001b00   _wavpcm_input_seek
80001b24   _wavpcm_input_read
80001d2c   _wavpcm_input_open
80001ff0   _wavpcm_input_close
80002000   _writeHistoryInBuffer
80002090   _copyToHistoryChunk
80002184   _combineWithoutDelay
8000220c   _copyToUpperLayer
8000260c   _synthesis
80002960   __divd
80003480   _fwrite
80003940   _main
80003e00   __printfi
80004680   _fputs
80005000   _fread
80005800   _free
80005a80   __divull
800063a0   _fputc
800063a0   _putc
800067c0   _setvbuf
800069c0   _quantize
80006f20   __divul
800070c0   _HOSTrename
80007240   _malloc
800073c0   _open
80007540   _dequantize
800076c0   _decompress30samples
80007764   _compress30Samples
80007960   _ftell
80007be0   __buff_read
80007d00   __closefile
80007e20   __divlli
80008180   _fseek
800082a0   _HOSTlseek
800083a0   __wrt_ok
800084a0   _HOSTopen
80008580   __c6xabi_divi
80008580   __divi
80008660   _atoi
80008740   _close
80008820   _memset
80008900   _printf
800089e0   _HOSTread
80008aa0   _HOSTunlink
80008b60   _HOSTwrite
80008c20   __auto_init
80008da0   __c6xabi_divu
80008da0   __divu
80008e60   __doflush
80008f20   __rd_ok
80008fe0   __c6xabi_remi
80008fe0   __remi
800090a0   _exit
80009160   _ltoa
80009220   _HOSTclose
800092c0   __cleanup
80009360   __divli
80009540   __fixdli
80009680   _copy_in
800097c0   _lseek
80009860   _memcpy
80009a40   _read
80009ae0   _write
80009b80   __fltlid
80009c00   __llshl
80009c80   _c_int00
80009d00   _readmsg
80009d80   _unlink
80009e00   ___TI_cpp_init
80009e60   __subcull
80009ec0   _fclose
80009f20   _fopen
80009f80   _memccpy
8000a040   _writemsg
8000a098   C$$IO$$
8000a0a0   ___isinf
8000a120   __args_main
8000a160   __frcmpyd_div
8000a1a0   __llshru
8000a1e0   __remli
8000a220   _llabs
8000a260   __negll
8000a280   __nop
8000a2e0   C$$EXIT
8000a2e0   _abort
8000a300   _remove
8000a320   ___etext__
8000a320   __sys_memory
8000a320   etext
8000e320   _randrsl
8000f320   _LowLowParams
8000f328   _LowLowValuesLeftQuantize
8000f348   _LowLowStartValuesLeftQuantize
8000f368   _LowLowValuesLeftDequantize
8000f388   _LowLowStartValuesLeftDequantize
8000f3a8   _LowHighParams
8000f3b0   _LowHighValuesLeftQuantize
8000f3d0   _LowHighValuesLeftDequantize
8000f3f0   _LowHighStartValuesLeftQuantize
8000f410   _LowHighStartValuesLeftDequantize
8000f430   _HighParams
8000f438   _HighValuesLeftQuantize
8000f458   _HighValuesLeftDequantize
8000f478   _HighStartValuesLeftQuantize
8000f498   _HighStartValuesLeftDequantize
8000f4b8   _LowLowValuesRightQuantize
8000f4d8   _LowLowValuesRightDequantize
8000f4f8   _LowLowStartValuesRightQuantize
8000f518   _LowLowStartValuesRightDequantize
8000f538   _LowHighValuesRightQuantize
8000f558   _LowHighValuesRightDequantize
8000f578   _LowHighStartValuesRightQuantize
8000f598   _LowHighStartValuesRightDequantize
8000f5b8   _HighValuesRightQuantize
8000f5d8   _HighValuesRightDequantize
8000f5f8   _HighStartValuesRightQuantize
8000f618   _HighStartValuesRightDequantize
8000f638   _historyChunkAnalysis
8000f8e8   _historyChunkSynthesis
8000fb98   _largeCryptoBuffer
8000fe20   _wavbuffer
8000fe70   _MODULUS_MASTER
8000ff10   _PUBLIC_EXPONENT_MASTER
8000ff18   _PRIVATE_EXPONENT_MASTER
8000ffb8   _MODULUS_SLAVE
80010058   _PUBLIC_EXPONENT_SLAVE
80010060   _PRIVATE_EXPONENT_SLAVE
80010100   _PRIME
800101a0   _GENERATOR
8001023c   _errno
80010240   __ftable
80010420   __tmpnams
80010560   __ft_end
80010568   _ctx
800107e0   _filter1Even
80010820   _filter1Odd
80010860   _filter2Even
80010880   _filter2Odd
800108a0   _filter3Even
800108c0   _filter3Odd
800108e0   __cleanup_ptr
800108e4   __dtors_ptr
800108e8   ___TI_enable_exit_profile_output
800108ec   __lock
800108f0   __unlock
80010910   __stack
80012910   __STACK_END
80012910   ___cinit__
80012910   cinit
80013598   __ctypes_
800137c8   __CIOBUF_
800138e8   $bss
800138e8   .bss
800138e8   ___bss__
800138e8   _b0
800138ec   _b1
800138f0   _b2
800138f4   _b3
800138f8   _b4
800138fc   _b5
80013900   _b6
80013904   _b7
80013908   _b8
8001390c   _b9
80013910   _e0
80013914   _e1
80013918   _e2
8001391c   _e3
80013920   _e4
80013924   _e5
80013928   _e6
8001392c   _e7
80013930   _e8
80013934   _e9
80013938   _randcnt
80013958   _count
8001395c   _initRand
80013960   _initHash
80013964   _placeInLargeBuffer
80013966   ___end__
80013966   end
ffffffff   ___TI_pprof_out_hndl
ffffffff   ___TI_prof_data_size
ffffffff   ___TI_prof_data_start
ffffffff   ___binit__
ffffffff   ___c_args__
ffffffff   ___pinit__
ffffffff   binit
ffffffff   pinit

[211 symbols]
