<?xml version="1.0"?>
<link_info>
   <banner>TMS320C6x Linker PC v7.4.4</banner>
   <copyright>Copyright (c) 1996-2013 Texas Instruments Incorporated</copyright>
   <link_time>0x571b64c8</link_time>
   <output_file>PnD_Speech_Codec_Koen_Seppe.out</output_file>
   <entry_point>
      <name>_c_int00</name>
      <address>0x80009c80</address>
   </entry_point>
   <input_file_list>
      <input_file id="fl-2">
         <path>.\crypto\</path>
         <kind>object</kind>
         <file>util.obj</file>
         <name>util.obj</name>
      </input_file>
      <input_file id="fl-3">
         <path>.\crypto\</path>
         <kind>object</kind>
         <file>sha3.obj</file>
         <name>sha3.obj</name>
      </input_file>
      <input_file id="fl-4">
         <path>.\crypto\</path>
         <kind>object</kind>
         <file>rand.obj</file>
         <name>rand.obj</name>
      </input_file>
      <input_file id="fl-5">
         <path>.\crypto\</path>
         <kind>object</kind>
         <file>modular_arithmetic.obj</file>
         <name>modular_arithmetic.obj</name>
      </input_file>
      <input_file id="fl-6">
         <path>.\crypto\</path>
         <kind>object</kind>
         <file>mac.obj</file>
         <name>mac.obj</name>
      </input_file>
      <input_file id="fl-7">
         <path>.\crypto\</path>
         <kind>object</kind>
         <file>hash.obj</file>
         <name>hash.obj</name>
      </input_file>
      <input_file id="fl-8">
         <path>.\crypto\</path>
         <kind>object</kind>
         <file>global.obj</file>
         <name>global.obj</name>
      </input_file>
      <input_file id="fl-9">
         <path>.\crypto\</path>
         <kind>object</kind>
         <file>format.obj</file>
         <name>format.obj</name>
      </input_file>
      <input_file id="fl-a">
         <path>.\crypto\</path>
         <kind>object</kind>
         <file>cryptoMain.obj</file>
         <name>cryptoMain.obj</name>
      </input_file>
      <input_file id="fl-b">
         <path>.\crypto\</path>
         <kind>object</kind>
         <file>counter_block.obj</file>
         <name>counter_block.obj</name>
      </input_file>
      <input_file id="fl-c">
         <path>.\crypto\</path>
         <kind>object</kind>
         <file>aes.obj</file>
         <name>aes.obj</name>
      </input_file>
      <input_file id="fl-d">
         <path>.\crypto\</path>
         <kind>object</kind>
         <file>STS_protocol.obj</file>
         <name>STS_protocol.obj</name>
      </input_file>
      <input_file id="fl-e">
         <path>.\crypto\</path>
         <kind>object</kind>
         <file>ISAAC.obj</file>
         <name>ISAAC.obj</name>
      </input_file>
      <input_file id="fl-f">
         <path>.\crypto\</path>
         <kind>object</kind>
         <file>CCM.obj</file>
         <name>CCM.obj</name>
      </input_file>
      <input_file id="fl-10">
         <path>.\</path>
         <kind>object</kind>
         <file>wavpcm_io.obj</file>
         <name>wavpcm_io.obj</name>
      </input_file>
      <input_file id="fl-11">
         <path>.\</path>
         <kind>object</kind>
         <file>synthesis.obj</file>
         <name>synthesis.obj</name>
      </input_file>
      <input_file id="fl-12">
         <path>.\</path>
         <kind>object</kind>
         <file>quantize.obj</file>
         <name>quantize.obj</name>
      </input_file>
      <input_file id="fl-13">
         <path>.\</path>
         <kind>object</kind>
         <file>main.obj</file>
         <name>main.obj</name>
      </input_file>
      <input_file id="fl-14">
         <path>.\</path>
         <kind>object</kind>
         <file>globals.obj</file>
         <name>globals.obj</name>
      </input_file>
      <input_file id="fl-15">
         <path>.\</path>
         <kind>object</kind>
         <file>dequantize.obj</file>
         <name>dequantize.obj</name>
      </input_file>
      <input_file id="fl-16">
         <path>.\</path>
         <kind>object</kind>
         <file>bitManipulation.obj</file>
         <name>bitManipulation.obj</name>
      </input_file>
      <input_file id="fl-17">
         <path>.\</path>
         <kind>object</kind>
         <file>analysis.obj</file>
         <name>analysis.obj</name>
      </input_file>
      <input_file id="fl-92">
         <path>C:\ti\ccsv5\tools\compiler\c6000_7.4.4\lib\</path>
         <kind>archive</kind>
         <file>rts6740.lib</file>
         <name>assert.obj</name>
      </input_file>
      <input_file id="fl-93">
         <path>C:\ti\ccsv5\tools\compiler\c6000_7.4.4\lib\</path>
         <kind>archive</kind>
         <file>rts6740.lib</file>
         <name>boot.obj</name>
      </input_file>
      <input_file id="fl-94">
         <path>C:\ti\ccsv5\tools\compiler\c6000_7.4.4\lib\</path>
         <kind>archive</kind>
         <file>rts6740.lib</file>
         <name>defs.obj</name>
      </input_file>
      <input_file id="fl-95">
         <path>C:\ti\ccsv5\tools\compiler\c6000_7.4.4\lib\</path>
         <kind>archive</kind>
         <file>rts6740.lib</file>
         <name>divi.obj</name>
      </input_file>
      <input_file id="fl-96">
         <path>C:\ti\ccsv5\tools\compiler\c6000_7.4.4\lib\</path>
         <kind>archive</kind>
         <file>rts6740.lib</file>
         <name>exit.obj</name>
      </input_file>
      <input_file id="fl-97">
         <path>C:\ti\ccsv5\tools\compiler\c6000_7.4.4\lib\</path>
         <kind>archive</kind>
         <file>rts6740.lib</file>
         <name>fclose.obj</name>
      </input_file>
      <input_file id="fl-98">
         <path>C:\ti\ccsv5\tools\compiler\c6000_7.4.4\lib\</path>
         <kind>archive</kind>
         <file>rts6740.lib</file>
         <name>fflush.obj</name>
      </input_file>
      <input_file id="fl-99">
         <path>C:\ti\ccsv5\tools\compiler\c6000_7.4.4\lib\</path>
         <kind>archive</kind>
         <file>rts6740.lib</file>
         <name>fopen.obj</name>
      </input_file>
      <input_file id="fl-9a">
         <path>C:\ti\ccsv5\tools\compiler\c6000_7.4.4\lib\</path>
         <kind>archive</kind>
         <file>rts6740.lib</file>
         <name>fprintf.obj</name>
      </input_file>
      <input_file id="fl-9b">
         <path>C:\ti\ccsv5\tools\compiler\c6000_7.4.4\lib\</path>
         <kind>archive</kind>
         <file>rts6740.lib</file>
         <name>fputc.obj</name>
      </input_file>
      <input_file id="fl-9c">
         <path>C:\ti\ccsv5\tools\compiler\c6000_7.4.4\lib\</path>
         <kind>archive</kind>
         <file>rts6740.lib</file>
         <name>fputs.obj</name>
      </input_file>
      <input_file id="fl-9d">
         <path>C:\ti\ccsv5\tools\compiler\c6000_7.4.4\lib\</path>
         <kind>archive</kind>
         <file>rts6740.lib</file>
         <name>fread.obj</name>
      </input_file>
      <input_file id="fl-9e">
         <path>C:\ti\ccsv5\tools\compiler\c6000_7.4.4\lib\</path>
         <kind>archive</kind>
         <file>rts6740.lib</file>
         <name>fseek.obj</name>
      </input_file>
      <input_file id="fl-9f">
         <path>C:\ti\ccsv5\tools\compiler\c6000_7.4.4\lib\</path>
         <kind>archive</kind>
         <file>rts6740.lib</file>
         <name>ftell.obj</name>
      </input_file>
      <input_file id="fl-a0">
         <path>C:\ti\ccsv5\tools\compiler\c6000_7.4.4\lib\</path>
         <kind>archive</kind>
         <file>rts6740.lib</file>
         <name>fwrite.obj</name>
      </input_file>
      <input_file id="fl-a1">
         <path>C:\ti\ccsv5\tools\compiler\c6000_7.4.4\lib\</path>
         <kind>archive</kind>
         <file>rts6740.lib</file>
         <name>imath64.obj</name>
      </input_file>
      <input_file id="fl-a2">
         <path>C:\ti\ccsv5\tools\compiler\c6000_7.4.4\lib\</path>
         <kind>archive</kind>
         <file>rts6740.lib</file>
         <name>llshift.obj</name>
      </input_file>
      <input_file id="fl-a3">
         <path>C:\ti\ccsv5\tools\compiler\c6000_7.4.4\lib\</path>
         <kind>archive</kind>
         <file>rts6740.lib</file>
         <name>lowlev.obj</name>
      </input_file>
      <input_file id="fl-a4">
         <path>C:\ti\ccsv5\tools\compiler\c6000_7.4.4\lib\</path>
         <kind>archive</kind>
         <file>rts6740.lib</file>
         <name>memcpy64.obj</name>
      </input_file>
      <input_file id="fl-a5">
         <path>C:\ti\ccsv5\tools\compiler\c6000_7.4.4\lib\</path>
         <kind>archive</kind>
         <file>rts6740.lib</file>
         <name>memory.obj</name>
      </input_file>
      <input_file id="fl-a6">
         <path>C:\ti\ccsv5\tools\compiler\c6000_7.4.4\lib\</path>
         <kind>archive</kind>
         <file>rts6740.lib</file>
         <name>memset.obj</name>
      </input_file>
      <input_file id="fl-a7">
         <path>C:\ti\ccsv5\tools\compiler\c6000_7.4.4\lib\</path>
         <kind>archive</kind>
         <file>rts6740.lib</file>
         <name>negll.obj</name>
      </input_file>
      <input_file id="fl-a8">
         <path>C:\ti\ccsv5\tools\compiler\c6000_7.4.4\lib\</path>
         <kind>archive</kind>
         <file>rts6740.lib</file>
         <name>printf.obj</name>
      </input_file>
      <input_file id="fl-a9">
         <path>C:\ti\ccsv5\tools\compiler\c6000_7.4.4\lib\</path>
         <kind>archive</kind>
         <file>rts6740.lib</file>
         <name>rand.obj</name>
      </input_file>
      <input_file id="fl-aa">
         <path>C:\ti\ccsv5\tools\compiler\c6000_7.4.4\lib\</path>
         <kind>archive</kind>
         <file>rts6740.lib</file>
         <name>remi.obj</name>
      </input_file>
      <input_file id="fl-ab">
         <path>C:\ti\ccsv5\tools\compiler\c6000_7.4.4\lib\</path>
         <kind>archive</kind>
         <file>rts6740.lib</file>
         <name>remove.obj</name>
      </input_file>
      <input_file id="fl-ac">
         <path>C:\ti\ccsv5\tools\compiler\c6000_7.4.4\lib\</path>
         <kind>archive</kind>
         <file>rts6740.lib</file>
         <name>strasg.obj</name>
      </input_file>
      <input_file id="fl-ad">
         <path>C:\ti\ccsv5\tools\compiler\c6000_7.4.4\lib\</path>
         <kind>archive</kind>
         <file>rts6740.lib</file>
         <name>time.obj</name>
      </input_file>
      <input_file id="fl-ae">
         <path>C:\ti\ccsv5\tools\compiler\c6000_7.4.4\lib\</path>
         <kind>archive</kind>
         <file>rts6740.lib</file>
         <name>trgdrv.obj</name>
      </input_file>
      <input_file id="fl-af">
         <path>C:\ti\ccsv5\tools\compiler\c6000_7.4.4\lib\</path>
         <kind>archive</kind>
         <file>rts6740.lib</file>
         <name>trgmsg.obj</name>
      </input_file>
      <input_file id="fl-b0">
         <path>C:\ti\ccsv5\tools\compiler\c6000_7.4.4\lib\</path>
         <kind>archive</kind>
         <file>rts6740.lib</file>
         <name>_bufread.obj</name>
      </input_file>
      <input_file id="fl-b1">
         <path>C:\ti\ccsv5\tools\compiler\c6000_7.4.4\lib\</path>
         <kind>archive</kind>
         <file>rts6740.lib</file>
         <name>_io_perm.obj</name>
      </input_file>
      <input_file id="fl-b2">
         <path>C:\ti\ccsv5\tools\compiler\c6000_7.4.4\lib\</path>
         <kind>archive</kind>
         <file>rts6740.lib</file>
         <name>_lock.obj</name>
      </input_file>
      <input_file id="fl-b3">
         <path>C:\ti\ccsv5\tools\compiler\c6000_7.4.4\lib\</path>
         <kind>archive</kind>
         <file>rts6740.lib</file>
         <name>_printfi.obj</name>
      </input_file>
      <input_file id="fl-b4">
         <path>C:\ti\ccsv5\tools\compiler\c6000_7.4.4\lib\</path>
         <kind>archive</kind>
         <file>rts6740.lib</file>
         <name>abs.obj</name>
      </input_file>
      <input_file id="fl-b5">
         <path>C:\ti\ccsv5\tools\compiler\c6000_7.4.4\lib\</path>
         <kind>archive</kind>
         <file>rts6740.lib</file>
         <name>args_main.obj</name>
      </input_file>
      <input_file id="fl-b6">
         <path>C:\ti\ccsv5\tools\compiler\c6000_7.4.4\lib\</path>
         <kind>archive</kind>
         <file>rts6740.lib</file>
         <name>atoi.obj</name>
      </input_file>
      <input_file id="fl-b7">
         <path>C:\ti\ccsv5\tools\compiler\c6000_7.4.4\lib\</path>
         <kind>archive</kind>
         <file>rts6740.lib</file>
         <name>autoinit.obj</name>
      </input_file>
      <input_file id="fl-b8">
         <path>C:\ti\ccsv5\tools\compiler\c6000_7.4.4\lib\</path>
         <kind>archive</kind>
         <file>rts6740.lib</file>
         <name>cpp_init.obj</name>
      </input_file>
      <input_file id="fl-b9">
         <path>C:\ti\ccsv5\tools\compiler\c6000_7.4.4\lib\</path>
         <kind>archive</kind>
         <file>rts6740.lib</file>
         <name>cpy_tbl.obj</name>
      </input_file>
      <input_file id="fl-ba">
         <path>C:\ti\ccsv5\tools\compiler\c6000_7.4.4\lib\</path>
         <kind>archive</kind>
         <file>rts6740.lib</file>
         <name>ctype.obj</name>
      </input_file>
      <input_file id="fl-bb">
         <path>C:\ti\ccsv5\tools\compiler\c6000_7.4.4\lib\</path>
         <kind>archive</kind>
         <file>rts6740.lib</file>
         <name>divd.obj</name>
      </input_file>
      <input_file id="fl-bc">
         <path>C:\ti\ccsv5\tools\compiler\c6000_7.4.4\lib\</path>
         <kind>archive</kind>
         <file>rts6740.lib</file>
         <name>divu.obj</name>
      </input_file>
      <input_file id="fl-bd">
         <path>C:\ti\ccsv5\tools\compiler\c6000_7.4.4\lib\</path>
         <kind>archive</kind>
         <file>rts6740.lib</file>
         <name>errno.obj</name>
      </input_file>
      <input_file id="fl-be">
         <path>C:\ti\ccsv5\tools\compiler\c6000_7.4.4\lib\</path>
         <kind>archive</kind>
         <file>rts6740.lib</file>
         <name>fixdli.obj</name>
      </input_file>
      <input_file id="fl-bf">
         <path>C:\ti\ccsv5\tools\compiler\c6000_7.4.4\lib\</path>
         <kind>archive</kind>
         <file>rts6740.lib</file>
         <name>fltlid.obj</name>
      </input_file>
      <input_file id="fl-c0">
         <path>C:\ti\ccsv5\tools\compiler\c6000_7.4.4\lib\</path>
         <kind>archive</kind>
         <file>rts6740.lib</file>
         <name>frcmpyd_div.obj</name>
      </input_file>
      <input_file id="fl-c1">
         <path>C:\ti\ccsv5\tools\compiler\c6000_7.4.4\lib\</path>
         <kind>archive</kind>
         <file>rts6740.lib</file>
         <name>imath40.obj</name>
      </input_file>
      <input_file id="fl-c2">
         <path>C:\ti\ccsv5\tools\compiler\c6000_7.4.4\lib\</path>
         <kind>archive</kind>
         <file>rts6740.lib</file>
         <name>isinf.obj</name>
      </input_file>
      <input_file id="fl-c3">
         <path>C:\ti\ccsv5\tools\compiler\c6000_7.4.4\lib\</path>
         <kind>archive</kind>
         <file>rts6740.lib</file>
         <name>ltoa.obj</name>
      </input_file>
      <input_file id="fl-c4">
         <path>C:\ti\ccsv5\tools\compiler\c6000_7.4.4\lib\</path>
         <kind>archive</kind>
         <file>rts6740.lib</file>
         <name>memccpy.obj</name>
      </input_file>
      <input_file id="fl-c5">
         <path>C:\ti\ccsv5\tools\compiler\c6000_7.4.4\lib\</path>
         <kind>archive</kind>
         <file>rts6740.lib</file>
         <name>setvbuf.obj</name>
      </input_file>
   </input_file_list>
   <object_component_list>
      <object_component id="oc-130">
         <name>.text</name>
         <load_address>0x80000000</load_address>
         <run_address>0x80000000</run_address>
         <size>0x1680</size>
         <input_file_ref idref="fl-17"/>
      </object_component>
      <object_component id="oc-12f">
         <name>.text</name>
         <load_address>0x80001680</load_address>
         <run_address>0x80001680</run_address>
         <size>0x980</size>
         <input_file_ref idref="fl-10"/>
      </object_component>
      <object_component id="oc-135">
         <name>.text</name>
         <load_address>0x80002000</load_address>
         <run_address>0x80002000</run_address>
         <size>0x960</size>
         <input_file_ref idref="fl-11"/>
      </object_component>
      <object_component id="oc-177">
         <name>.text:__divd</name>
         <load_address>0x80002960</load_address>
         <run_address>0x80002960</run_address>
         <size>0x5a0</size>
         <input_file_ref idref="fl-bb"/>
      </object_component>
      <object_component id="oc-16f">
         <name>.text:__getarg_diouxp</name>
         <load_address>0x80002f00</load_address>
         <run_address>0x80002f00</run_address>
         <size>0x580</size>
         <input_file_ref idref="fl-b3"/>
      </object_component>
      <object_component id="oc-137">
         <name>.text:_fwrite</name>
         <load_address>0x80003480</load_address>
         <run_address>0x80003480</run_address>
         <size>0x4c0</size>
         <input_file_ref idref="fl-a0"/>
      </object_component>
      <object_component id="oc-12a">
         <name>.text</name>
         <load_address>0x80003940</load_address>
         <run_address>0x80003940</run_address>
         <size>0x4c0</size>
         <input_file_ref idref="fl-13"/>
      </object_component>
      <object_component id="oc-140">
         <name>.text:__printfi</name>
         <load_address>0x80003e00</load_address>
         <run_address>0x80003e00</run_address>
         <size>0x440</size>
         <input_file_ref idref="fl-b3"/>
      </object_component>
      <object_component id="oc-153">
         <name>.text:__setfield</name>
         <load_address>0x80004240</load_address>
         <run_address>0x80004240</run_address>
         <size>0x440</size>
         <input_file_ref idref="fl-b3"/>
      </object_component>
      <object_component id="oc-150">
         <name>.text:_fputs</name>
         <load_address>0x80004680</load_address>
         <run_address>0x80004680</run_address>
         <size>0x3a0</size>
         <input_file_ref idref="fl-9c"/>
      </object_component>
      <object_component id="oc-160">
         <name>.text:__pproc_fge</name>
         <load_address>0x80004a20</load_address>
         <run_address>0x80004a20</run_address>
         <size>0x320</size>
         <input_file_ref idref="fl-b3"/>
      </object_component>
      <object_component id="oc-152">
         <name>.text:__pproc_fwp</name>
         <load_address>0x80004d40</load_address>
         <run_address>0x80004d40</run_address>
         <size>0x2c0</size>
         <input_file_ref idref="fl-b3"/>
      </object_component>
      <object_component id="oc-13b">
         <name>.text:_fread</name>
         <load_address>0x80005000</load_address>
         <run_address>0x80005000</run_address>
         <size>0x2c0</size>
         <input_file_ref idref="fl-9d"/>
      </object_component>
      <object_component id="oc-172">
         <name>.text:_ecvt</name>
         <load_address>0x800052c0</load_address>
         <run_address>0x800052c0</run_address>
         <size>0x2a0</size>
         <input_file_ref idref="fl-b3"/>
      </object_component>
      <object_component id="oc-175">
         <name>.text:_fcvt</name>
         <load_address>0x80005560</load_address>
         <run_address>0x80005560</run_address>
         <size>0x2a0</size>
         <input_file_ref idref="fl-b3"/>
      </object_component>
      <object_component id="oc-159">
         <name>.text:_free</name>
         <load_address>0x80005800</load_address>
         <run_address>0x80005800</run_address>
         <size>0x280</size>
         <input_file_ref idref="fl-a5"/>
      </object_component>
      <object_component id="oc-14e">
         <name>.text:__divull</name>
         <load_address>0x80005a80</load_address>
         <run_address>0x80005a80</run_address>
         <size>0x260</size>
         <input_file_ref idref="fl-a1"/>
      </object_component>
      <object_component id="oc-16e">
         <name>.text:__pconv_e</name>
         <load_address>0x80005ce0</load_address>
         <run_address>0x80005ce0</run_address>
         <size>0x260</size>
         <input_file_ref idref="fl-b3"/>
      </object_component>
      <object_component id="oc-161">
         <name>.text:__pproc_diouxp</name>
         <load_address>0x80005f40</load_address>
         <run_address>0x80005f40</run_address>
         <size>0x240</size>
         <input_file_ref idref="fl-b3"/>
      </object_component>
      <object_component id="oc-154">
         <name>.text:__pproc_str</name>
         <load_address>0x80006180</load_address>
         <run_address>0x80006180</run_address>
         <size>0x220</size>
         <input_file_ref idref="fl-b3"/>
      </object_component>
      <object_component id="oc-155">
         <name>.text:_fputc</name>
         <load_address>0x800063a0</load_address>
         <run_address>0x800063a0</run_address>
         <size>0x220</size>
         <input_file_ref idref="fl-9b"/>
      </object_component>
      <object_component id="oc-16c">
         <name>.text:__pconv_g</name>
         <load_address>0x800065c0</load_address>
         <run_address>0x800065c0</run_address>
         <size>0x200</size>
         <input_file_ref idref="fl-b3"/>
      </object_component>
      <object_component id="oc-156">
         <name>.text:_setvbuf</name>
         <load_address>0x800067c0</load_address>
         <run_address>0x800067c0</run_address>
         <size>0x200</size>
         <input_file_ref idref="fl-c5"/>
      </object_component>
      <object_component id="oc-132">
         <name>.text</name>
         <load_address>0x800069c0</load_address>
         <run_address>0x800069c0</run_address>
         <size>0x1e0</size>
         <input_file_ref idref="fl-12"/>
      </object_component>
      <object_component id="oc-174">
         <name>.text:__mcpy</name>
         <load_address>0x80006ba0</load_address>
         <run_address>0x80006ba0</run_address>
         <size>0x1c0</size>
         <input_file_ref idref="fl-b3"/>
      </object_component>
      <object_component id="oc-147">
         <name>.text:__openfile</name>
         <load_address>0x80006d60</load_address>
         <run_address>0x80006d60</run_address>
         <size>0x1c0</size>
         <input_file_ref idref="fl-99"/>
      </object_component>
      <object_component id="oc-17d">
         <name>.text:__divul</name>
         <load_address>0x80006f20</load_address>
         <run_address>0x80006f20</run_address>
         <size>0x1a0</size>
         <input_file_ref idref="fl-c1"/>
      </object_component>
      <object_component id="oc-125">
         <name>.text:_HOSTrename</name>
         <load_address>0x800070c0</load_address>
         <run_address>0x800070c0</run_address>
         <size>0x180</size>
         <input_file_ref idref="fl-ae"/>
      </object_component>
      <object_component id="oc-163">
         <name>.text:_malloc</name>
         <load_address>0x80007240</load_address>
         <run_address>0x80007240</run_address>
         <size>0x180</size>
         <input_file_ref idref="fl-a5"/>
      </object_component>
      <object_component id="oc-158">
         <name>.text:_open</name>
         <load_address>0x800073c0</load_address>
         <run_address>0x800073c0</run_address>
         <size>0x180</size>
         <input_file_ref idref="fl-a3"/>
      </object_component>
      <object_component id="oc-134">
         <name>.text</name>
         <load_address>0x80007540</load_address>
         <run_address>0x80007540</run_address>
         <size>0x180</size>
         <input_file_ref idref="fl-15"/>
      </object_component>
      <object_component id="oc-133">
         <name>.text</name>
         <load_address>0x800076c0</load_address>
         <run_address>0x800076c0</run_address>
         <size>0x160</size>
         <input_file_ref idref="fl-16"/>
      </object_component>
      <object_component id="oc-151">
         <name>.text:__pproc_fflags</name>
         <load_address>0x80007820</load_address>
         <run_address>0x80007820</run_address>
         <size>0x140</size>
         <input_file_ref idref="fl-b3"/>
      </object_component>
      <object_component id="oc-13c">
         <name>.text:_ftell</name>
         <load_address>0x80007960</load_address>
         <run_address>0x80007960</run_address>
         <size>0x140</size>
         <input_file_ref idref="fl-9f"/>
      </object_component>
      <object_component id="oc-165">
         <name>.text:_getdevice</name>
         <load_address>0x80007aa0</load_address>
         <run_address>0x80007aa0</run_address>
         <size>0x140</size>
         <input_file_ref idref="fl-a3"/>
      </object_component>
      <object_component id="oc-14b">
         <name>.text:__buff_read</name>
         <load_address>0x80007be0</load_address>
         <run_address>0x80007be0</run_address>
         <size>0x120</size>
         <input_file_ref idref="fl-b0"/>
      </object_component>
      <object_component id="oc-149">
         <name>.text:__closefile</name>
         <load_address>0x80007d00</load_address>
         <run_address>0x80007d00</run_address>
         <size>0x120</size>
         <input_file_ref idref="fl-97"/>
      </object_component>
      <object_component id="oc-13d">
         <name>.text:__divlli</name>
         <load_address>0x80007e20</load_address>
         <run_address>0x80007e20</run_address>
         <size>0x120</size>
         <input_file_ref idref="fl-a1"/>
      </object_component>
      <object_component id="oc-170">
         <name>.text:__ltostr</name>
         <load_address>0x80007f40</load_address>
         <run_address>0x80007f40</run_address>
         <size>0x120</size>
         <input_file_ref idref="fl-b3"/>
      </object_component>
      <object_component id="oc-146">
         <name>.text:__search_fp</name>
         <load_address>0x80008060</load_address>
         <run_address>0x80008060</run_address>
         <size>0x120</size>
         <input_file_ref idref="fl-99"/>
      </object_component>
      <object_component id="oc-139">
         <name>.text:_fseek</name>
         <load_address>0x80008180</load_address>
         <run_address>0x80008180</run_address>
         <size>0x120</size>
         <input_file_ref idref="fl-9e"/>
      </object_component>
      <object_component id="oc-123">
         <name>.text:_HOSTlseek</name>
         <load_address>0x800082a0</load_address>
         <run_address>0x800082a0</run_address>
         <size>0x100</size>
         <input_file_ref idref="fl-ae"/>
      </object_component>
      <object_component id="oc-142">
         <name>.text:__wrt_ok</name>
         <load_address>0x800083a0</load_address>
         <run_address>0x800083a0</run_address>
         <size>0x100</size>
         <input_file_ref idref="fl-b1"/>
      </object_component>
      <object_component id="oc-11f">
         <name>.text:_HOSTopen</name>
         <load_address>0x800084a0</load_address>
         <run_address>0x800084a0</run_address>
         <size>0xe0</size>
         <input_file_ref idref="fl-ae"/>
      </object_component>
      <object_component id="oc-136">
         <name>.text:__divi</name>
         <load_address>0x80008580</load_address>
         <run_address>0x80008580</run_address>
         <size>0xe0</size>
         <input_file_ref idref="fl-95"/>
      </object_component>
      <object_component id="oc-15f">
         <name>.text:_atoi</name>
         <load_address>0x80008660</load_address>
         <run_address>0x80008660</run_address>
         <size>0xe0</size>
         <input_file_ref idref="fl-b6"/>
      </object_component>
      <object_component id="oc-15a">
         <name>.text:_close</name>
         <load_address>0x80008740</load_address>
         <run_address>0x80008740</run_address>
         <size>0xe0</size>
         <input_file_ref idref="fl-a3"/>
      </object_component>
      <object_component id="oc-12e">
         <name>.text:_memset</name>
         <load_address>0x80008820</load_address>
         <run_address>0x80008820</run_address>
         <size>0xe0</size>
         <input_file_ref idref="fl-a6"/>
      </object_component>
      <object_component id="oc-131">
         <name>.text:_printf</name>
         <load_address>0x80008900</load_address>
         <run_address>0x80008900</run_address>
         <size>0xe0</size>
         <input_file_ref idref="fl-a8"/>
      </object_component>
      <object_component id="oc-121">
         <name>.text:_HOSTread</name>
         <load_address>0x800089e0</load_address>
         <run_address>0x800089e0</run_address>
         <size>0xc0</size>
         <input_file_ref idref="fl-ae"/>
      </object_component>
      <object_component id="oc-124">
         <name>.text:_HOSTunlink</name>
         <load_address>0x80008aa0</load_address>
         <run_address>0x80008aa0</run_address>
         <size>0xc0</size>
         <input_file_ref idref="fl-ae"/>
      </object_component>
      <object_component id="oc-122">
         <name>.text:_HOSTwrite</name>
         <load_address>0x80008b60</load_address>
         <run_address>0x80008b60</run_address>
         <size>0xc0</size>
         <input_file_ref idref="fl-ae"/>
      </object_component>
      <object_component id="oc-11c">
         <name>.text:__auto_init</name>
         <load_address>0x80008c20</load_address>
         <run_address>0x80008c20</run_address>
         <size>0xc0</size>
         <input_file_ref idref="fl-b7"/>
      </object_component>
      <object_component id="oc-178">
         <name>.text:__div</name>
         <load_address>0x80008ce0</load_address>
         <run_address>0x80008ce0</run_address>
         <size>0xc0</size>
         <input_file_ref idref="fl-b3"/>
      </object_component>
      <object_component id="oc-144">
         <name>.text:__divu</name>
         <load_address>0x80008da0</load_address>
         <run_address>0x80008da0</run_address>
         <size>0xc0</size>
         <input_file_ref idref="fl-bc"/>
      </object_component>
      <object_component id="oc-143">
         <name>.text:__doflush</name>
         <load_address>0x80008e60</load_address>
         <run_address>0x80008e60</run_address>
         <size>0xc0</size>
         <input_file_ref idref="fl-98"/>
      </object_component>
      <object_component id="oc-14a">
         <name>.text:__rd_ok</name>
         <load_address>0x80008f20</load_address>
         <run_address>0x80008f20</run_address>
         <size>0xc0</size>
         <input_file_ref idref="fl-b1"/>
      </object_component>
      <object_component id="oc-13e">
         <name>.text:__remi</name>
         <load_address>0x80008fe0</load_address>
         <run_address>0x80008fe0</run_address>
         <size>0xc0</size>
         <input_file_ref idref="fl-aa"/>
      </object_component>
      <object_component id="oc-11e">
         <name>.text:_exit</name>
         <load_address>0x800090a0</load_address>
         <run_address>0x800090a0</run_address>
         <size>0xc0</size>
         <input_file_ref idref="fl-96"/>
      </object_component>
      <object_component id="oc-17a">
         <name>.text:_ltoa</name>
         <load_address>0x80009160</load_address>
         <run_address>0x80009160</run_address>
         <size>0xc0</size>
         <input_file_ref idref="fl-c3"/>
      </object_component>
      <object_component id="oc-120">
         <name>.text:_HOSTclose</name>
         <load_address>0x80009220</load_address>
         <run_address>0x80009220</run_address>
         <size>0xa0</size>
         <input_file_ref idref="fl-ae"/>
      </object_component>
      <object_component id="oc-157">
         <name>.text:__cleanup</name>
         <load_address>0x800092c0</load_address>
         <run_address>0x800092c0</run_address>
         <size>0xa0</size>
         <input_file_ref idref="fl-99"/>
      </object_component>
      <object_component id="oc-17f">
         <name>.text:__divli</name>
         <load_address>0x80009360</load_address>
         <run_address>0x80009360</run_address>
         <size>0xa0</size>
         <input_file_ref idref="fl-c1"/>
      </object_component>
      <object_component id="oc-173">
         <name>.text:__ecpy</name>
         <load_address>0x80009400</load_address>
         <run_address>0x80009400</run_address>
         <size>0xa0</size>
         <input_file_ref idref="fl-b3"/>
      </object_component>
      <object_component id="oc-176">
         <name>.text:__fcpy</name>
         <load_address>0x800094a0</load_address>
         <run_address>0x800094a0</run_address>
         <size>0xa0</size>
         <input_file_ref idref="fl-b3"/>
      </object_component>
      <object_component id="oc-179">
         <name>.text:__fixdli</name>
         <load_address>0x80009540</load_address>
         <run_address>0x80009540</run_address>
         <size>0xa0</size>
         <input_file_ref idref="fl-be"/>
      </object_component>
      <object_component id="oc-16d">
         <name>.text:__pconv_f</name>
         <load_address>0x800095e0</load_address>
         <run_address>0x800095e0</run_address>
         <size>0xa0</size>
         <input_file_ref idref="fl-b3"/>
      </object_component>
      <object_component id="oc-127">
         <name>.text:_copy_in</name>
         <load_address>0x80009680</load_address>
         <run_address>0x80009680</run_address>
         <size>0xa0</size>
         <input_file_ref idref="fl-b9"/>
      </object_component>
      <object_component id="oc-171">
         <name>.text:_finddevice</name>
         <load_address>0x80009720</load_address>
         <run_address>0x80009720</run_address>
         <size>0xa0</size>
         <input_file_ref idref="fl-a3"/>
      </object_component>
      <object_component id="oc-148">
         <name>.text:_lseek</name>
         <load_address>0x800097c0</load_address>
         <run_address>0x800097c0</run_address>
         <size>0xa0</size>
         <input_file_ref idref="fl-a3"/>
      </object_component>
      <object_component id="oc-128">
         <name>.text:_memcpy</name>
         <load_address>0x80009860</load_address>
         <run_address>0x80009860</run_address>
         <size>0xa0</size>
         <input_file_ref idref="fl-a4"/>
      </object_component>
      <object_component id="oc-167">
         <name>.text:_minsert</name>
         <load_address>0x80009900</load_address>
         <run_address>0x80009900</run_address>
         <size>0xa0</size>
         <input_file_ref idref="fl-a5"/>
      </object_component>
      <object_component id="oc-166">
         <name>.text:_mremove</name>
         <load_address>0x800099a0</load_address>
         <run_address>0x800099a0</run_address>
         <size>0xa0</size>
         <input_file_ref idref="fl-a5"/>
      </object_component>
      <object_component id="oc-14c">
         <name>.text:_read</name>
         <load_address>0x80009a40</load_address>
         <run_address>0x80009a40</run_address>
         <size>0xa0</size>
         <input_file_ref idref="fl-a3"/>
      </object_component>
      <object_component id="oc-145">
         <name>.text:_write</name>
         <load_address>0x80009ae0</load_address>
         <run_address>0x80009ae0</run_address>
         <size>0xa0</size>
         <input_file_ref idref="fl-a3"/>
      </object_component>
      <object_component id="oc-17b">
         <name>.text:__fltlid</name>
         <load_address>0x80009b80</load_address>
         <run_address>0x80009b80</run_address>
         <size>0x80</size>
         <input_file_ref idref="fl-bf"/>
      </object_component>
      <object_component id="oc-15c">
         <name>.text:__llshl</name>
         <load_address>0x80009c00</load_address>
         <run_address>0x80009c00</run_address>
         <size>0x80</size>
         <input_file_ref idref="fl-a2"/>
      </object_component>
      <object_component id="oc-17">
         <name>.text:_c_int00</name>
         <load_address>0x80009c80</load_address>
         <run_address>0x80009c80</run_address>
         <size>0x80</size>
         <input_file_ref idref="fl-93"/>
      </object_component>
      <object_component id="oc-12d">
         <name>.text:_readmsg</name>
         <load_address>0x80009d00</load_address>
         <run_address>0x80009d00</run_address>
         <size>0x80</size>
         <input_file_ref idref="fl-af"/>
      </object_component>
      <object_component id="oc-168">
         <name>.text:_unlink</name>
         <load_address>0x80009d80</load_address>
         <run_address>0x80009d80</run_address>
         <size>0x80</size>
         <input_file_ref idref="fl-a3"/>
      </object_component>
      <object_component id="oc-129">
         <name>.text:___TI_cpp_init</name>
         <load_address>0x80009e00</load_address>
         <run_address>0x80009e00</run_address>
         <size>0x60</size>
         <input_file_ref idref="fl-b8"/>
      </object_component>
      <object_component id="oc-15d">
         <name>.text:__subcull</name>
         <load_address>0x80009e60</load_address>
         <run_address>0x80009e60</run_address>
         <size>0x60</size>
         <input_file_ref idref="fl-a1"/>
      </object_component>
      <object_component id="oc-13a">
         <name>.text:_fclose</name>
         <load_address>0x80009ec0</load_address>
         <run_address>0x80009ec0</run_address>
         <size>0x60</size>
         <input_file_ref idref="fl-97"/>
      </object_component>
      <object_component id="oc-138">
         <name>.text:_fopen</name>
         <load_address>0x80009f20</load_address>
         <run_address>0x80009f20</run_address>
         <size>0x60</size>
         <input_file_ref idref="fl-99"/>
      </object_component>
      <object_component id="oc-162">
         <name>.text:_memccpy</name>
         <load_address>0x80009f80</load_address>
         <run_address>0x80009f80</run_address>
         <size>0x60</size>
         <input_file_ref idref="fl-c4"/>
      </object_component>
      <object_component id="oc-164">
         <name>.text:_tabinit</name>
         <load_address>0x80009fe0</load_address>
         <run_address>0x80009fe0</run_address>
         <size>0x60</size>
         <input_file_ref idref="fl-a3"/>
      </object_component>
      <object_component id="oc-12c">
         <name>.text:_writemsg</name>
         <load_address>0x8000a040</load_address>
         <run_address>0x8000a040</run_address>
         <size>0x60</size>
         <input_file_ref idref="fl-af"/>
      </object_component>
      <object_component id="oc-16b">
         <name>.text:___isinf</name>
         <load_address>0x8000a0a0</load_address>
         <run_address>0x8000a0a0</run_address>
         <size>0x40</size>
         <input_file_ref idref="fl-c2"/>
      </object_component>
      <object_component id="oc-16a">
         <name>.text:___isnan</name>
         <load_address>0x8000a0e0</load_address>
         <run_address>0x8000a0e0</run_address>
         <size>0x40</size>
         <input_file_ref idref="fl-b3"/>
      </object_component>
      <object_component id="oc-11d">
         <name>.text:__args_main</name>
         <load_address>0x8000a120</load_address>
         <run_address>0x8000a120</run_address>
         <size>0x40</size>
         <input_file_ref idref="fl-b5"/>
      </object_component>
      <object_component id="oc-17c">
         <name>.text:__frcmpyd_div</name>
         <load_address>0x8000a160</load_address>
         <run_address>0x8000a160</run_address>
         <size>0x40</size>
         <input_file_ref idref="fl-c0"/>
      </object_component>
      <object_component id="oc-15e">
         <name>.text:__llshru</name>
         <load_address>0x8000a1a0</load_address>
         <run_address>0x8000a1a0</run_address>
         <size>0x40</size>
         <input_file_ref idref="fl-a2"/>
      </object_component>
      <object_component id="oc-17e">
         <name>.text:__remli</name>
         <load_address>0x8000a1e0</load_address>
         <run_address>0x8000a1e0</run_address>
         <size>0x40</size>
         <input_file_ref idref="fl-c1"/>
      </object_component>
      <object_component id="oc-14d">
         <name>.text:_llabs</name>
         <load_address>0x8000a220</load_address>
         <run_address>0x8000a220</run_address>
         <size>0x40</size>
         <input_file_ref idref="fl-b4"/>
      </object_component>
      <object_component id="oc-14f">
         <name>.text:__negll</name>
         <load_address>0x8000a260</load_address>
         <run_address>0x8000a260</run_address>
         <size>0x20</size>
         <input_file_ref idref="fl-a7"/>
      </object_component>
      <object_component id="oc-126">
         <name>.text:__nop</name>
         <load_address>0x8000a280</load_address>
         <run_address>0x8000a280</run_address>
         <size>0x20</size>
         <input_file_ref idref="fl-b2"/>
      </object_component>
      <object_component id="oc-141">
         <name>.text:__outc</name>
         <load_address>0x8000a2a0</load_address>
         <run_address>0x8000a2a0</run_address>
         <size>0x20</size>
         <input_file_ref idref="fl-a8"/>
      </object_component>
      <object_component id="oc-13f">
         <name>.text:__outs</name>
         <load_address>0x8000a2c0</load_address>
         <run_address>0x8000a2c0</run_address>
         <size>0x20</size>
         <input_file_ref idref="fl-a8"/>
      </object_component>
      <object_component id="oc-12b">
         <name>.text:_abort</name>
         <load_address>0x8000a2e0</load_address>
         <run_address>0x8000a2e0</run_address>
         <size>0x20</size>
         <input_file_ref idref="fl-96"/>
      </object_component>
      <object_component id="oc-15b">
         <name>.text:_remove</name>
         <load_address>0x8000a300</load_address>
         <run_address>0x8000a300</run_address>
         <size>0x20</size>
         <input_file_ref idref="fl-ab"/>
      </object_component>
      <object_component id="oc-71">
         <name>.stack</name>
         <uninitialized>true</uninitialized>
         <run_address>0x80010910</run_address>
         <size>0x8</size>
         <input_file_ref idref="fl-93"/>
      </object_component>
      <object_component id="oc-19c">
         <name>.stack</name>
         <uninitialized>true</uninitialized>
         <run_address>0x80010910</run_address>
         <size>0x0</size>
      </object_component>
      <object_component id="oc-20">
         <name>.bss</name>
         <uninitialized>true</uninitialized>
         <run_address>0x80013958</run_address>
         <size>0x8</size>
         <input_file_ref idref="fl-4"/>
      </object_component>
      <object_component id="oc-2b">
         <name>.bss</name>
         <uninitialized>true</uninitialized>
         <run_address>0x80013960</run_address>
         <size>0x4</size>
         <input_file_ref idref="fl-7"/>
      </object_component>
      <object_component id="oc-38">
         <name>.bss</name>
         <uninitialized>true</uninitialized>
         <run_address>0x800138e8</run_address>
         <size>0x50</size>
         <input_file_ref idref="fl-a"/>
      </object_component>
      <object_component id="oc-45">
         <name>.bss</name>
         <uninitialized>true</uninitialized>
         <run_address>0x80013938</run_address>
         <size>0x20</size>
         <input_file_ref idref="fl-e"/>
      </object_component>
      <object_component id="oc-58">
         <name>.bss</name>
         <uninitialized>true</uninitialized>
         <run_address>0x80013964</run_address>
         <size>0x2</size>
         <input_file_ref idref="fl-13"/>
      </object_component>
      <object_component id="oc-d4">
         <name>.cio</name>
         <uninitialized>true</uninitialized>
         <run_address>0x800137c8</run_address>
         <size>0x120</size>
         <input_file_ref idref="fl-af"/>
      </object_component>
      <object_component id="oc-4f">
         <name>.const:.string</name>
         <load_address>0x80013238</load_address>
         <run_address>0x80013238</run_address>
         <size>0x1e7</size>
         <input_file_ref idref="fl-10"/>
      </object_component>
      <object_component id="oc-19">
         <name>.const:.string</name>
         <load_address>0x8001341f</load_address>
         <run_address>0x8001341f</run_address>
         <size>0x178</size>
         <input_file_ref idref="fl-2"/>
      </object_component>
      <object_component id="oc-169">
         <name>.const:.string:__ctypes_</name>
         <load_address>0x80013598</load_address>
         <run_address>0x80013598</run_address>
         <size>0x101</size>
         <input_file_ref idref="fl-ba"/>
      </object_component>
      <object_component id="oc-1d">
         <name>.const:.string</name>
         <load_address>0x80013699</load_address>
         <run_address>0x80013699</run_address>
         <size>0x8f</size>
         <input_file_ref idref="fl-3"/>
      </object_component>
      <object_component id="oc-5c">
         <name>.const:.string</name>
         <load_address>0x80013728</load_address>
         <run_address>0x80013728</run_address>
         <size>0x71</size>
         <input_file_ref idref="fl-13"/>
      </object_component>
      <object_component id="oc-e3">
         <name>.const:.string</name>
         <load_address>0x80013799</load_address>
         <run_address>0x80013799</run_address>
         <size>0x23</size>
         <input_file_ref idref="fl-b3"/>
      </object_component>
      <object_component id="oc-6d">
         <name>.const:.string</name>
         <load_address>0x800137bc</load_address>
         <run_address>0x800137bc</run_address>
         <size>0x3</size>
         <input_file_ref idref="fl-92"/>
      </object_component>
      <object_component id="oc-92">
         <name>.const:.string</name>
         <load_address>0x800137bf</load_address>
         <run_address>0x800137bf</run_address>
         <size>0x2</size>
         <input_file_ref idref="fl-9c"/>
      </object_component>
      <object_component id="oc-b2">
         <name>.sysmem</name>
         <uninitialized>true</uninitialized>
         <run_address>0x8000a320</run_address>
         <size>0x8</size>
         <input_file_ref idref="fl-a5"/>
      </object_component>
      <object_component id="oc-19d">
         <name>.sysmem</name>
         <uninitialized>true</uninitialized>
         <run_address>0x8000a320</run_address>
         <size>0x0</size>
      </object_component>
      <object_component id="oc-2e">
         <name>.far</name>
         <uninitialized>true</uninitialized>
         <run_address>0x80010568</run_address>
         <size>0x158</size>
         <input_file_ref idref="fl-7"/>
      </object_component>
      <object_component id="oc-33">
         <name>.far</name>
         <uninitialized>true</uninitialized>
         <run_address>0x8000fe70</run_address>
         <size>0x3cc</size>
         <input_file_ref idref="fl-8"/>
      </object_component>
      <object_component id="oc-48">
         <name>.far</name>
         <uninitialized>true</uninitialized>
         <run_address>0x8000e320</run_address>
         <size>0x1000</size>
         <input_file_ref idref="fl-e"/>
      </object_component>
      <object_component id="oc-5b">
         <name>.far</name>
         <uninitialized>true</uninitialized>
         <run_address>0x8000f320</run_address>
         <size>0xb50</size>
         <input_file_ref idref="fl-13"/>
      </object_component>
      <object_component id="oc-61">
         <name>.far</name>
         <uninitialized>true</uninitialized>
         <run_address>0x800107e0</run_address>
         <size>0x100</size>
         <input_file_ref idref="fl-14"/>
      </object_component>
      <object_component id="oc-76">
         <name>.far</name>
         <uninitialized>true</uninitialized>
         <run_address>0x80010240</run_address>
         <size>0x324</size>
         <input_file_ref idref="fl-94"/>
      </object_component>
      <object_component id="oc-7d">
         <name>.far</name>
         <uninitialized>true</uninitialized>
         <run_address>0x800108e0</run_address>
         <size>0xc</size>
         <input_file_ref idref="fl-96"/>
      </object_component>
      <object_component id="oc-88">
         <name>.far</name>
         <uninitialized>true</uninitialized>
         <run_address>0x80010564</run_address>
         <size>0x4</size>
         <input_file_ref idref="fl-99"/>
      </object_component>
      <object_component id="oc-a9">
         <name>.far</name>
         <uninitialized>true</uninitialized>
         <run_address>0x800106c0</run_address>
         <size>0x11c</size>
         <input_file_ref idref="fl-a3"/>
      </object_component>
      <object_component id="oc-b1">
         <name>.far</name>
         <uninitialized>true</uninitialized>
         <run_address>0x800108f4</run_address>
         <size>0x8</size>
         <input_file_ref idref="fl-a5"/>
      </object_component>
      <object_component id="oc-c0">
         <name>.far</name>
         <uninitialized>true</uninitialized>
         <run_address>0x80010900</run_address>
         <size>0x8</size>
         <input_file_ref idref="fl-a9"/>
      </object_component>
      <object_component id="oc-d0">
         <name>.far</name>
         <uninitialized>true</uninitialized>
         <run_address>0x80010908</run_address>
         <size>0x8</size>
         <input_file_ref idref="fl-ae"/>
      </object_component>
      <object_component id="oc-df">
         <name>.far</name>
         <uninitialized>true</uninitialized>
         <run_address>0x800108ec</run_address>
         <size>0x8</size>
         <input_file_ref idref="fl-b2"/>
      </object_component>
      <object_component id="oc-102">
         <name>.far</name>
         <uninitialized>true</uninitialized>
         <run_address>0x8001023c</run_address>
         <size>0x4</size>
         <input_file_ref idref="fl-bd"/>
      </object_component>
      <object_component id="oc-32">
         <name>.cinit</name>
         <load_address>0x80012910</load_address>
         <run_address>0x80012910</run_address>
         <size>0x40c</size>
         <input_file_ref idref="fl-8"/>
      </object_component>
      <object_component id="oc-5a">
         <name>.cinit</name>
         <load_address>0x80012d20</load_address>
         <run_address>0x80012d20</run_address>
         <size>0x21a</size>
         <input_file_ref idref="fl-13"/>
      </object_component>
      <object_component id="oc-60">
         <name>.cinit</name>
         <load_address>0x80012f40</load_address>
         <run_address>0x80012f40</run_address>
         <size>0x130</size>
         <input_file_ref idref="fl-14"/>
      </object_component>
      <object_component id="oc-75">
         <name>.cinit</name>
         <load_address>0x80013070</load_address>
         <run_address>0x80013070</run_address>
         <size>0x5c</size>
         <input_file_ref idref="fl-94"/>
      </object_component>
      <object_component id="oc-a8">
         <name>.cinit</name>
         <load_address>0x800130d0</load_address>
         <run_address>0x800130d0</run_address>
         <size>0x5c</size>
         <input_file_ref idref="fl-a3"/>
      </object_component>
      <object_component id="oc-47">
         <name>.cinit</name>
         <load_address>0x80013130</load_address>
         <run_address>0x80013130</run_address>
         <size>0x30</size>
         <input_file_ref idref="fl-e"/>
      </object_component>
      <object_component id="oc-7c">
         <name>.cinit</name>
         <load_address>0x80013160</load_address>
         <run_address>0x80013160</run_address>
         <size>0x2c</size>
         <input_file_ref idref="fl-96"/>
      </object_component>
      <object_component id="oc-b0">
         <name>.cinit</name>
         <load_address>0x80013190</load_address>
         <run_address>0x80013190</run_address>
         <size>0x2c</size>
         <input_file_ref idref="fl-a5"/>
      </object_component>
      <object_component id="oc-de">
         <name>.cinit</name>
         <load_address>0x800131c0</load_address>
         <run_address>0x800131c0</run_address>
         <size>0x1c</size>
         <input_file_ref idref="fl-b2"/>
      </object_component>
      <object_component id="oc-bf">
         <name>.cinit</name>
         <load_address>0x800131e0</load_address>
         <run_address>0x800131e0</run_address>
         <size>0x10</size>
         <input_file_ref idref="fl-a9"/>
      </object_component>
      <object_component id="oc-2d">
         <name>.cinit</name>
         <load_address>0x800131f0</load_address>
         <run_address>0x800131f0</run_address>
         <size>0xc</size>
         <input_file_ref idref="fl-7"/>
      </object_component>
      <object_component id="oc-22">
         <name>.cinit</name>
         <load_address>0x80013200</load_address>
         <run_address>0x80013200</run_address>
         <size>0xc</size>
         <input_file_ref idref="fl-4"/>
      </object_component>
      <object_component id="oc-101">
         <name>.cinit</name>
         <load_address>0x80013210</load_address>
         <run_address>0x80013210</run_address>
         <size>0xc</size>
         <input_file_ref idref="fl-bd"/>
      </object_component>
      <object_component id="oc-87">
         <name>.cinit</name>
         <load_address>0x80013220</load_address>
         <run_address>0x80013220</run_address>
         <size>0xc</size>
         <input_file_ref idref="fl-99"/>
      </object_component>
      <object_component id="oc-18">
         <name>.debug_info</name>
         <load_address>0x0</load_address>
         <run_address>0x0</run_address>
         <size>0x72e</size>
         <input_file_ref idref="fl-2"/>
      </object_component>
      <object_component id="oc-1c">
         <name>.debug_info</name>
         <load_address>0x72e</load_address>
         <run_address>0x72e</run_address>
         <size>0x769</size>
         <input_file_ref idref="fl-3"/>
      </object_component>
      <object_component id="oc-21">
         <name>.debug_info</name>
         <load_address>0xe97</load_address>
         <run_address>0xe97</run_address>
         <size>0x734</size>
         <input_file_ref idref="fl-4"/>
      </object_component>
      <object_component id="oc-25">
         <name>.debug_info</name>
         <load_address>0x15cb</load_address>
         <run_address>0x15cb</run_address>
         <size>0x69e</size>
         <input_file_ref idref="fl-5"/>
      </object_component>
      <object_component id="oc-28">
         <name>.debug_info</name>
         <load_address>0x1c69</load_address>
         <run_address>0x1c69</run_address>
         <size>0x718</size>
         <input_file_ref idref="fl-6"/>
      </object_component>
      <object_component id="oc-2c">
         <name>.debug_info</name>
         <load_address>0x2381</load_address>
         <run_address>0x2381</run_address>
         <size>0x79a</size>
         <input_file_ref idref="fl-7"/>
      </object_component>
      <object_component id="oc-31">
         <name>.debug_info</name>
         <load_address>0x2b1b</load_address>
         <run_address>0x2b1b</run_address>
         <size>0x7a4</size>
         <input_file_ref idref="fl-8"/>
      </object_component>
      <object_component id="oc-35">
         <name>.debug_info</name>
         <load_address>0x32bf</load_address>
         <run_address>0x32bf</run_address>
         <size>0x6b4</size>
         <input_file_ref idref="fl-9"/>
      </object_component>
      <object_component id="oc-39">
         <name>.debug_info</name>
         <load_address>0x3973</load_address>
         <run_address>0x3973</run_address>
         <size>0xe12</size>
         <input_file_ref idref="fl-a"/>
      </object_component>
      <object_component id="oc-3c">
         <name>.debug_info</name>
         <load_address>0x4785</load_address>
         <run_address>0x4785</run_address>
         <size>0x75d</size>
         <input_file_ref idref="fl-b"/>
      </object_component>
      <object_component id="oc-3f">
         <name>.debug_info</name>
         <load_address>0x4ee2</load_address>
         <run_address>0x4ee2</run_address>
         <size>0x6cb</size>
         <input_file_ref idref="fl-c"/>
      </object_component>
      <object_component id="oc-42">
         <name>.debug_info</name>
         <load_address>0x55ad</load_address>
         <run_address>0x55ad</run_address>
         <size>0xdd0</size>
         <input_file_ref idref="fl-d"/>
      </object_component>
      <object_component id="oc-46">
         <name>.debug_info</name>
         <load_address>0x637d</load_address>
         <run_address>0x637d</run_address>
         <size>0x6a1</size>
         <input_file_ref idref="fl-e"/>
      </object_component>
      <object_component id="oc-4b">
         <name>.debug_info</name>
         <load_address>0x6a1e</load_address>
         <run_address>0x6a1e</run_address>
         <size>0x8e8</size>
         <input_file_ref idref="fl-f"/>
      </object_component>
      <object_component id="oc-4e">
         <name>.debug_info</name>
         <load_address>0x7306</load_address>
         <run_address>0x7306</run_address>
         <size>0x167a</size>
         <input_file_ref idref="fl-10"/>
      </object_component>
      <object_component id="oc-52">
         <name>.debug_info</name>
         <load_address>0x8980</load_address>
         <run_address>0x8980</run_address>
         <size>0x131e</size>
         <input_file_ref idref="fl-11"/>
      </object_component>
      <object_component id="oc-55">
         <name>.debug_info</name>
         <load_address>0x9c9e</load_address>
         <run_address>0x9c9e</run_address>
         <size>0x9c0</size>
         <input_file_ref idref="fl-12"/>
      </object_component>
      <object_component id="oc-59">
         <name>.debug_info</name>
         <load_address>0xa65e</load_address>
         <run_address>0xa65e</run_address>
         <size>0x1d52</size>
         <input_file_ref idref="fl-13"/>
      </object_component>
      <object_component id="oc-5f">
         <name>.debug_info</name>
         <load_address>0xc3b0</load_address>
         <run_address>0xc3b0</run_address>
         <size>0x6ed</size>
         <input_file_ref idref="fl-14"/>
      </object_component>
      <object_component id="oc-63">
         <name>.debug_info</name>
         <load_address>0xca9d</load_address>
         <run_address>0xca9d</run_address>
         <size>0x903</size>
         <input_file_ref idref="fl-15"/>
      </object_component>
      <object_component id="oc-66">
         <name>.debug_info</name>
         <load_address>0xd3a0</load_address>
         <run_address>0xd3a0</run_address>
         <size>0x811</size>
         <input_file_ref idref="fl-16"/>
      </object_component>
      <object_component id="oc-69">
         <name>.debug_info</name>
         <load_address>0xdbb1</load_address>
         <run_address>0xdbb1</run_address>
         <size>0x1850</size>
         <input_file_ref idref="fl-17"/>
      </object_component>
      <object_component id="oc-6c">
         <name>.debug_info</name>
         <load_address>0xf401</load_address>
         <run_address>0xf401</run_address>
         <size>0x6dd</size>
         <input_file_ref idref="fl-92"/>
      </object_component>
      <object_component id="oc-70">
         <name>.debug_info</name>
         <load_address>0xfade</load_address>
         <run_address>0xfade</run_address>
         <size>0x6f2</size>
         <input_file_ref idref="fl-93"/>
      </object_component>
      <object_component id="oc-74">
         <name>.debug_info</name>
         <load_address>0x101d0</load_address>
         <run_address>0x101d0</run_address>
         <size>0x6ce</size>
         <input_file_ref idref="fl-94"/>
      </object_component>
      <object_component id="oc-78">
         <name>.debug_info</name>
         <load_address>0x1089e</load_address>
         <run_address>0x1089e</run_address>
         <size>0xbd</size>
         <input_file_ref idref="fl-95"/>
      </object_component>
      <object_component id="oc-7b">
         <name>.debug_info</name>
         <load_address>0x1095b</load_address>
         <run_address>0x1095b</run_address>
         <size>0x7bf</size>
         <input_file_ref idref="fl-96"/>
      </object_component>
      <object_component id="oc-80">
         <name>.debug_info</name>
         <load_address>0x1111a</load_address>
         <run_address>0x1111a</run_address>
         <size>0x867</size>
         <input_file_ref idref="fl-97"/>
      </object_component>
      <object_component id="oc-83">
         <name>.debug_info</name>
         <load_address>0x11981</load_address>
         <run_address>0x11981</run_address>
         <size>0x768</size>
         <input_file_ref idref="fl-98"/>
      </object_component>
      <object_component id="oc-86">
         <name>.debug_info</name>
         <load_address>0x120e9</load_address>
         <run_address>0x120e9</run_address>
         <size>0xa92</size>
         <input_file_ref idref="fl-99"/>
      </object_component>
      <object_component id="oc-8b">
         <name>.debug_info</name>
         <load_address>0x12b7b</load_address>
         <run_address>0x12b7b</run_address>
         <size>0x760</size>
         <input_file_ref idref="fl-9a"/>
      </object_component>
      <object_component id="oc-8e">
         <name>.debug_info</name>
         <load_address>0x132db</load_address>
         <run_address>0x132db</run_address>
         <size>0x811</size>
         <input_file_ref idref="fl-9b"/>
      </object_component>
      <object_component id="oc-91">
         <name>.debug_info</name>
         <load_address>0x13aec</load_address>
         <run_address>0x13aec</run_address>
         <size>0xa9d</size>
         <input_file_ref idref="fl-9c"/>
      </object_component>
      <object_component id="oc-95">
         <name>.debug_info</name>
         <load_address>0x14589</load_address>
         <run_address>0x14589</run_address>
         <size>0x92e</size>
         <input_file_ref idref="fl-9d"/>
      </object_component>
      <object_component id="oc-98">
         <name>.debug_info</name>
         <load_address>0x14eb7</load_address>
         <run_address>0x14eb7</run_address>
         <size>0x7a0</size>
         <input_file_ref idref="fl-9e"/>
      </object_component>
      <object_component id="oc-9b">
         <name>.debug_info</name>
         <load_address>0x15657</load_address>
         <run_address>0x15657</run_address>
         <size>0x75f</size>
         <input_file_ref idref="fl-9f"/>
      </object_component>
      <object_component id="oc-9e">
         <name>.debug_info</name>
         <load_address>0x15db6</load_address>
         <run_address>0x15db6</run_address>
         <size>0xabe</size>
         <input_file_ref idref="fl-a0"/>
      </object_component>
      <object_component id="oc-a1">
         <name>.debug_info</name>
         <load_address>0x16874</load_address>
         <run_address>0x16874</run_address>
         <size>0x837</size>
         <input_file_ref idref="fl-a1"/>
      </object_component>
      <object_component id="oc-a4">
         <name>.debug_info</name>
         <load_address>0x170ab</load_address>
         <run_address>0x170ab</run_address>
         <size>0x6e8</size>
         <input_file_ref idref="fl-a2"/>
      </object_component>
      <object_component id="oc-a7">
         <name>.debug_info</name>
         <load_address>0x17793</load_address>
         <run_address>0x17793</run_address>
         <size>0x10c4</size>
         <input_file_ref idref="fl-a3"/>
      </object_component>
      <object_component id="oc-ac">
         <name>.debug_info</name>
         <load_address>0x18857</load_address>
         <run_address>0x18857</run_address>
         <size>0xcc</size>
         <input_file_ref idref="fl-a4"/>
      </object_component>
      <object_component id="oc-af">
         <name>.debug_info</name>
         <load_address>0x18923</load_address>
         <run_address>0x18923</run_address>
         <size>0xabf</size>
         <input_file_ref idref="fl-a5"/>
      </object_component>
      <object_component id="oc-b5">
         <name>.debug_info</name>
         <load_address>0x193e2</load_address>
         <run_address>0x193e2</run_address>
         <size>0x79d</size>
         <input_file_ref idref="fl-a6"/>
      </object_component>
      <object_component id="oc-b8">
         <name>.debug_info</name>
         <load_address>0x19b7f</load_address>
         <run_address>0x19b7f</run_address>
         <size>0x5ff</size>
         <input_file_ref idref="fl-a7"/>
      </object_component>
      <object_component id="oc-bb">
         <name>.debug_info</name>
         <load_address>0x1a17e</load_address>
         <run_address>0x1a17e</run_address>
         <size>0x8e9</size>
         <input_file_ref idref="fl-a8"/>
      </object_component>
      <object_component id="oc-be">
         <name>.debug_info</name>
         <load_address>0x1aa67</load_address>
         <run_address>0x1aa67</run_address>
         <size>0x5fe</size>
         <input_file_ref idref="fl-a9"/>
      </object_component>
      <object_component id="oc-c3">
         <name>.debug_info</name>
         <load_address>0x1b065</load_address>
         <run_address>0x1b065</run_address>
         <size>0xbd</size>
         <input_file_ref idref="fl-aa"/>
      </object_component>
      <object_component id="oc-c6">
         <name>.debug_info</name>
         <load_address>0x1b122</load_address>
         <run_address>0x1b122</run_address>
         <size>0x64b</size>
         <input_file_ref idref="fl-ab"/>
      </object_component>
      <object_component id="oc-c9">
         <name>.debug_info</name>
         <load_address>0x1b76d</load_address>
         <run_address>0x1b76d</run_address>
         <size>0x8d</size>
         <input_file_ref idref="fl-ac"/>
      </object_component>
      <object_component id="oc-cc">
         <name>.debug_info</name>
         <load_address>0x1b7fa</load_address>
         <run_address>0x1b7fa</run_address>
         <size>0x5e1</size>
         <input_file_ref idref="fl-ad"/>
      </object_component>
      <object_component id="oc-cf">
         <name>.debug_info</name>
         <load_address>0x1bddb</load_address>
         <run_address>0x1bddb</run_address>
         <size>0xdc3</size>
         <input_file_ref idref="fl-ae"/>
      </object_component>
      <object_component id="oc-d3">
         <name>.debug_info</name>
         <load_address>0x1cb9e</load_address>
         <run_address>0x1cb9e</run_address>
         <size>0x850</size>
         <input_file_ref idref="fl-af"/>
      </object_component>
      <object_component id="oc-d7">
         <name>.debug_info</name>
         <load_address>0x1d3ee</load_address>
         <run_address>0x1d3ee</run_address>
         <size>0x7cd</size>
         <input_file_ref idref="fl-b0"/>
      </object_component>
      <object_component id="oc-da">
         <name>.debug_info</name>
         <load_address>0x1dbbb</load_address>
         <run_address>0x1dbbb</run_address>
         <size>0x7b4</size>
         <input_file_ref idref="fl-b1"/>
      </object_component>
      <object_component id="oc-dd">
         <name>.debug_info</name>
         <load_address>0x1e36f</load_address>
         <run_address>0x1e36f</run_address>
         <size>0x633</size>
         <input_file_ref idref="fl-b2"/>
      </object_component>
      <object_component id="oc-e2">
         <name>.debug_info</name>
         <load_address>0x1e9a2</load_address>
         <run_address>0x1e9a2</run_address>
         <size>0x2674</size>
         <input_file_ref idref="fl-b3"/>
      </object_component>
      <object_component id="oc-e6">
         <name>.debug_info</name>
         <load_address>0x21016</load_address>
         <run_address>0x21016</run_address>
         <size>0x608</size>
         <input_file_ref idref="fl-b4"/>
      </object_component>
      <object_component id="oc-e9">
         <name>.debug_info</name>
         <load_address>0x2161e</load_address>
         <run_address>0x2161e</run_address>
         <size>0x6c8</size>
         <input_file_ref idref="fl-b5"/>
      </object_component>
      <object_component id="oc-ec">
         <name>.debug_info</name>
         <load_address>0x21ce6</load_address>
         <run_address>0x21ce6</run_address>
         <size>0x6d5</size>
         <input_file_ref idref="fl-b6"/>
      </object_component>
      <object_component id="oc-ef">
         <name>.debug_info</name>
         <load_address>0x223bb</load_address>
         <run_address>0x223bb</run_address>
         <size>0x83e</size>
         <input_file_ref idref="fl-b7"/>
      </object_component>
      <object_component id="oc-f2">
         <name>.debug_info</name>
         <load_address>0x22bf9</load_address>
         <run_address>0x22bf9</run_address>
         <size>0x6b6</size>
         <input_file_ref idref="fl-b8"/>
      </object_component>
      <object_component id="oc-f5">
         <name>.debug_info</name>
         <load_address>0x232af</load_address>
         <run_address>0x232af</run_address>
         <size>0x7ac</size>
         <input_file_ref idref="fl-b9"/>
      </object_component>
      <object_component id="oc-f8">
         <name>.debug_info</name>
         <load_address>0x23a5b</load_address>
         <run_address>0x23a5b</run_address>
         <size>0x5e1</size>
         <input_file_ref idref="fl-ba"/>
      </object_component>
      <object_component id="oc-fa">
         <name>.debug_info</name>
         <load_address>0x2403c</load_address>
         <run_address>0x2403c</run_address>
         <size>0x96a</size>
         <input_file_ref idref="fl-bb"/>
      </object_component>
      <object_component id="oc-fd">
         <name>.debug_info</name>
         <load_address>0x249a6</load_address>
         <run_address>0x249a6</run_address>
         <size>0xbd</size>
         <input_file_ref idref="fl-bc"/>
      </object_component>
      <object_component id="oc-100">
         <name>.debug_info</name>
         <load_address>0x24a63</load_address>
         <run_address>0x24a63</run_address>
         <size>0x5c9</size>
         <input_file_ref idref="fl-bd"/>
      </object_component>
      <object_component id="oc-104">
         <name>.debug_info</name>
         <load_address>0x2502c</load_address>
         <run_address>0x2502c</run_address>
         <size>0x67e</size>
         <input_file_ref idref="fl-be"/>
      </object_component>
      <object_component id="oc-107">
         <name>.debug_info</name>
         <load_address>0x256aa</load_address>
         <run_address>0x256aa</run_address>
         <size>0x697</size>
         <input_file_ref idref="fl-bf"/>
      </object_component>
      <object_component id="oc-10a">
         <name>.debug_info</name>
         <load_address>0x25d41</load_address>
         <run_address>0x25d41</run_address>
         <size>0x653</size>
         <input_file_ref idref="fl-c0"/>
      </object_component>
      <object_component id="oc-10d">
         <name>.debug_info</name>
         <load_address>0x26394</load_address>
         <run_address>0x26394</run_address>
         <size>0x78a</size>
         <input_file_ref idref="fl-c1"/>
      </object_component>
      <object_component id="oc-110">
         <name>.debug_info</name>
         <load_address>0x26b1e</load_address>
         <run_address>0x26b1e</run_address>
         <size>0x7fd</size>
         <input_file_ref idref="fl-c2"/>
      </object_component>
      <object_component id="oc-113">
         <name>.debug_info</name>
         <load_address>0x2731b</load_address>
         <run_address>0x2731b</run_address>
         <size>0x716</size>
         <input_file_ref idref="fl-c3"/>
      </object_component>
      <object_component id="oc-116">
         <name>.debug_info</name>
         <load_address>0x27a31</load_address>
         <run_address>0x27a31</run_address>
         <size>0x6b9</size>
         <input_file_ref idref="fl-c4"/>
      </object_component>
      <object_component id="oc-119">
         <name>.debug_info</name>
         <load_address>0x280ea</load_address>
         <run_address>0x280ea</run_address>
         <size>0x7f3</size>
         <input_file_ref idref="fl-c5"/>
      </object_component>
      <object_component id="oc-19e">
         <name>.debug_info</name>
         <load_address>0x288dd</load_address>
         <run_address>0x288dd</run_address>
         <size>0x6d</size>
      </object_component>
      <object_component id="oc-1a">
         <name>.debug_line</name>
         <load_address>0x0</load_address>
         <run_address>0x0</run_address>
         <size>0x2e</size>
         <input_file_ref idref="fl-2"/>
      </object_component>
      <object_component id="oc-1e">
         <name>.debug_line</name>
         <load_address>0x2e</load_address>
         <run_address>0x2e</run_address>
         <size>0x2e</size>
         <input_file_ref idref="fl-3"/>
      </object_component>
      <object_component id="oc-23">
         <name>.debug_line</name>
         <load_address>0x5c</load_address>
         <run_address>0x5c</run_address>
         <size>0x2e</size>
         <input_file_ref idref="fl-4"/>
      </object_component>
      <object_component id="oc-26">
         <name>.debug_line</name>
         <load_address>0x8a</load_address>
         <run_address>0x8a</run_address>
         <size>0x3c</size>
         <input_file_ref idref="fl-5"/>
      </object_component>
      <object_component id="oc-29">
         <name>.debug_line</name>
         <load_address>0xc6</load_address>
         <run_address>0xc6</run_address>
         <size>0x2d</size>
         <input_file_ref idref="fl-6"/>
      </object_component>
      <object_component id="oc-2f">
         <name>.debug_line</name>
         <load_address>0xf3</load_address>
         <run_address>0xf3</run_address>
         <size>0x2e</size>
         <input_file_ref idref="fl-7"/>
      </object_component>
      <object_component id="oc-36">
         <name>.debug_line</name>
         <load_address>0x121</load_address>
         <run_address>0x121</run_address>
         <size>0x30</size>
         <input_file_ref idref="fl-9"/>
      </object_component>
      <object_component id="oc-3a">
         <name>.debug_line</name>
         <load_address>0x151</load_address>
         <run_address>0x151</run_address>
         <size>0x34</size>
         <input_file_ref idref="fl-a"/>
      </object_component>
      <object_component id="oc-3d">
         <name>.debug_line</name>
         <load_address>0x185</load_address>
         <run_address>0x185</run_address>
         <size>0x37</size>
         <input_file_ref idref="fl-b"/>
      </object_component>
      <object_component id="oc-40">
         <name>.debug_line</name>
         <load_address>0x1bc</load_address>
         <run_address>0x1bc</run_address>
         <size>0x2d</size>
         <input_file_ref idref="fl-c"/>
      </object_component>
      <object_component id="oc-43">
         <name>.debug_line</name>
         <load_address>0x1e9</load_address>
         <run_address>0x1e9</run_address>
         <size>0x71</size>
         <input_file_ref idref="fl-d"/>
      </object_component>
      <object_component id="oc-49">
         <name>.debug_line</name>
         <load_address>0x25a</load_address>
         <run_address>0x25a</run_address>
         <size>0x2f</size>
         <input_file_ref idref="fl-e"/>
      </object_component>
      <object_component id="oc-4c">
         <name>.debug_line</name>
         <load_address>0x289</load_address>
         <run_address>0x289</run_address>
         <size>0x68</size>
         <input_file_ref idref="fl-f"/>
      </object_component>
      <object_component id="oc-50">
         <name>.debug_line</name>
         <load_address>0x2f1</load_address>
         <run_address>0x2f1</run_address>
         <size>0x11b</size>
         <input_file_ref idref="fl-10"/>
      </object_component>
      <object_component id="oc-53">
         <name>.debug_line</name>
         <load_address>0x40c</load_address>
         <run_address>0x40c</run_address>
         <size>0xc2</size>
         <input_file_ref idref="fl-11"/>
      </object_component>
      <object_component id="oc-56">
         <name>.debug_line</name>
         <load_address>0x4ce</load_address>
         <run_address>0x4ce</run_address>
         <size>0x4d</size>
         <input_file_ref idref="fl-12"/>
      </object_component>
      <object_component id="oc-5d">
         <name>.debug_line</name>
         <load_address>0x51b</load_address>
         <run_address>0x51b</run_address>
         <size>0x4f</size>
         <input_file_ref idref="fl-13"/>
      </object_component>
      <object_component id="oc-64">
         <name>.debug_line</name>
         <load_address>0x56a</load_address>
         <run_address>0x56a</run_address>
         <size>0x4e</size>
         <input_file_ref idref="fl-15"/>
      </object_component>
      <object_component id="oc-67">
         <name>.debug_line</name>
         <load_address>0x5b8</load_address>
         <run_address>0x5b8</run_address>
         <size>0x6c</size>
         <input_file_ref idref="fl-16"/>
      </object_component>
      <object_component id="oc-6a">
         <name>.debug_line</name>
         <load_address>0x624</load_address>
         <run_address>0x624</run_address>
         <size>0x157</size>
         <input_file_ref idref="fl-17"/>
      </object_component>
      <object_component id="oc-6e">
         <name>.debug_line</name>
         <load_address>0x77b</load_address>
         <run_address>0x77b</run_address>
         <size>0x26</size>
         <input_file_ref idref="fl-92"/>
      </object_component>
      <object_component id="oc-72">
         <name>.debug_line</name>
         <load_address>0x7a1</load_address>
         <run_address>0x7a1</run_address>
         <size>0x3d</size>
         <input_file_ref idref="fl-93"/>
      </object_component>
      <object_component id="oc-79">
         <name>.debug_line</name>
         <load_address>0x7de</load_address>
         <run_address>0x7de</run_address>
         <size>0x45</size>
         <input_file_ref idref="fl-95"/>
      </object_component>
      <object_component id="oc-7e">
         <name>.debug_line</name>
         <load_address>0x823</load_address>
         <run_address>0x823</run_address>
         <size>0x4f</size>
         <input_file_ref idref="fl-96"/>
      </object_component>
      <object_component id="oc-81">
         <name>.debug_line</name>
         <load_address>0x872</load_address>
         <run_address>0x872</run_address>
         <size>0x53</size>
         <input_file_ref idref="fl-97"/>
      </object_component>
      <object_component id="oc-84">
         <name>.debug_line</name>
         <load_address>0x8c5</load_address>
         <run_address>0x8c5</run_address>
         <size>0x3e</size>
         <input_file_ref idref="fl-98"/>
      </object_component>
      <object_component id="oc-89">
         <name>.debug_line</name>
         <load_address>0x903</load_address>
         <run_address>0x903</run_address>
         <size>0x92</size>
         <input_file_ref idref="fl-99"/>
      </object_component>
      <object_component id="oc-8c">
         <name>.debug_line</name>
         <load_address>0x995</load_address>
         <run_address>0x995</run_address>
         <size>0x27</size>
         <input_file_ref idref="fl-9a"/>
      </object_component>
      <object_component id="oc-8f">
         <name>.debug_line</name>
         <load_address>0x9bc</load_address>
         <run_address>0x9bc</run_address>
         <size>0x3f</size>
         <input_file_ref idref="fl-9b"/>
      </object_component>
      <object_component id="oc-93">
         <name>.debug_line</name>
         <load_address>0x9fb</load_address>
         <run_address>0x9fb</run_address>
         <size>0x93</size>
         <input_file_ref idref="fl-9c"/>
      </object_component>
      <object_component id="oc-96">
         <name>.debug_line</name>
         <load_address>0xa8e</load_address>
         <run_address>0xa8e</run_address>
[...]
         <value>0x8000f5f8</value>
         <object_component_ref idref="oc-5b"/>
      </symbol>
      <symbol id="sm-191">
         <name>_LowHighValuesLeftDequantize</name>
         <value>0x8000f3d0</value>
         <object_component_ref idref="oc-5b"/>
      </symbol>
      <symbol id="sm-192">
         <name>_LowLowValuesLeftDequantize</name>
         <value>0x8000f368</value>
         <object_component_ref idref="oc-5b"/>
      </symbol>
      <symbol id="sm-193">
         <name>_LowHighParams</name>
         <value>0x8000f3a8</value>
         <object_component_ref idref="oc-5b"/>
      </symbol>
      <symbol id="sm-194">
         <name>_LowHighValuesRightDequantize</name>
         <value>0x8000f558</value>
         <object_component_ref idref="oc-5b"/>
      </symbol>
      <symbol id="sm-195">
         <name>_LowHighValuesLeftQuantize</name>
         <value>0x8000f3b0</value>
         <object_component_ref idref="oc-5b"/>
      </symbol>
      <symbol id="sm-196">
         <name>_LowHighValuesRightQuantize</name>
         <value>0x8000f538</value>
         <object_component_ref idref="oc-5b"/>
      </symbol>
      <symbol id="sm-197">
         <name>_LowLowParams</name>
         <value>0x8000f320</value>
         <object_component_ref idref="oc-5b"/>
      </symbol>
      <symbol id="sm-198">
         <name>_largeCryptoBuffer</name>
         <value>0x8000fb98</value>
         <object_component_ref idref="oc-5b"/>
      </symbol>
      <symbol id="sm-199">
         <name>_LowLowStartValuesRightQuantize</name>
         <value>0x8000f4f8</value>
         <object_component_ref idref="oc-5b"/>
      </symbol>
      <symbol id="sm-19a">
         <name>_LowLowStartValuesLeftQuantize</name>
         <value>0x8000f348</value>
         <object_component_ref idref="oc-5b"/>
      </symbol>
      <symbol id="sm-19b">
         <name>_HighValuesRightDequantize</name>
         <value>0x8000f5d8</value>
         <object_component_ref idref="oc-5b"/>
      </symbol>
      <symbol id="sm-19c">
         <name>_wavbuffer</name>
         <value>0x8000fe20</value>
         <object_component_ref idref="oc-5b"/>
      </symbol>
      <symbol id="sm-19d">
         <name>_historyChunkSynthesis</name>
         <value>0x8000f8e8</value>
         <object_component_ref idref="oc-5b"/>
      </symbol>
      <symbol id="sm-19e">
         <name>_LowHighStartValuesLeftQuantize</name>
         <value>0x8000f3f0</value>
         <object_component_ref idref="oc-5b"/>
      </symbol>
      <symbol id="sm-19f">
         <name>_LowLowValuesRightQuantize</name>
         <value>0x8000f4b8</value>
         <object_component_ref idref="oc-5b"/>
      </symbol>
      <symbol id="sm-1a0">
         <name>_historyChunkAnalysis</name>
         <value>0x8000f638</value>
         <object_component_ref idref="oc-5b"/>
      </symbol>
      <symbol id="sm-1a1">
         <name>_HighValuesLeftQuantize</name>
         <value>0x8000f438</value>
         <object_component_ref idref="oc-5b"/>
      </symbol>
      <symbol id="sm-1a2">
         <name>_HighStartValuesRightDequantize</name>
         <value>0x8000f618</value>
         <object_component_ref idref="oc-5b"/>
      </symbol>
      <symbol id="sm-1a3">
         <name>_HighStartValuesLeftDequantize</name>
         <value>0x8000f498</value>
         <object_component_ref idref="oc-5b"/>
      </symbol>
      <symbol id="sm-1a4">
         <name>_LowHighStartValuesRightDequantize</name>
         <value>0x8000f598</value>
         <object_component_ref idref="oc-5b"/>
      </symbol>
      <symbol id="sm-1ae">
         <name>_filter2Even</name>
         <value>0x80010860</value>
         <object_component_ref idref="oc-61"/>
      </symbol>
      <symbol id="sm-1af">
         <name>_filter3Even</name>
         <value>0x800108a0</value>
         <object_component_ref idref="oc-61"/>
      </symbol>
      <symbol id="sm-1b0">
         <name>_filter1Odd</name>
         <value>0x80010820</value>
         <object_component_ref idref="oc-61"/>
      </symbol>
      <symbol id="sm-1b1">
         <name>_filter1Even</name>
         <value>0x800107e0</value>
         <object_component_ref idref="oc-61"/>
      </symbol>
      <symbol id="sm-1b2">
         <name>_filter3Odd</name>
         <value>0x800108c0</value>
         <object_component_ref idref="oc-61"/>
      </symbol>
      <symbol id="sm-1b3">
         <name>_filter2Odd</name>
         <value>0x80010880</value>
         <object_component_ref idref="oc-61"/>
      </symbol>
      <symbol id="sm-1c0">
         <name>_dequantize</name>
         <value>0x80007540</value>
         <object_component_ref idref="oc-134"/>
      </symbol>
      <symbol id="sm-1ca">
         <name>_decompress30samples</name>
         <value>0x800076c0</value>
         <object_component_ref idref="oc-133"/>
      </symbol>
      <symbol id="sm-1cb">
         <name>_compress30Samples</name>
         <value>0x80007764</value>
         <object_component_ref idref="oc-133"/>
      </symbol>
      <symbol id="sm-1e9">
         <name>_convolveFilter2Even</name>
         <value>0x80000c60</value>
         <object_component_ref idref="oc-130"/>
      </symbol>
      <symbol id="sm-1ea">
         <name>_combine</name>
         <value>0x800011f8</value>
         <object_component_ref idref="oc-130"/>
      </symbol>
      <symbol id="sm-1eb">
         <name>_convolve</name>
         <value>0x80001020</value>
         <object_component_ref idref="oc-130"/>
      </symbol>
      <symbol id="sm-1ec">
         <name>_addBufferToHistory</name>
         <value>0x800012d8</value>
         <object_component_ref idref="oc-130"/>
      </symbol>
      <symbol id="sm-1ed">
         <name>_copyToLowerLayer</name>
         <value>0x80000000</value>
         <object_component_ref idref="oc-130"/>
      </symbol>
      <symbol id="sm-1ee">
         <name>_convolveFilter2Odd</name>
         <value>0x80000888</value>
         <object_component_ref idref="oc-130"/>
      </symbol>
      <symbol id="sm-1ef">
         <name>_convolveFilter3Odd</name>
         <value>0x8000026c</value>
         <object_component_ref idref="oc-130"/>
      </symbol>
      <symbol id="sm-1f0">
         <name>_analysis</name>
         <value>0x80001374</value>
         <object_component_ref idref="oc-130"/>
      </symbol>
      <symbol id="sm-1f1">
         <name>_convolveFilter3Even</name>
         <value>0x80000580</value>
         <object_component_ref idref="oc-130"/>
      </symbol>
      <symbol id="sm-20a">
         <name>_c_int00</name>
         <value>0x80009c80</value>
         <object_component_ref idref="oc-17"/>
      </symbol>
      <symbol id="sm-20b">
         <name>__stack</name>
         <value>0x80010910</value>
         <object_component_ref idref="oc-71"/>
      </symbol>
      <symbol id="sm-215">
         <name>__tmpnams</name>
         <value>0x80010420</value>
         <object_component_ref idref="oc-76"/>
      </symbol>
      <symbol id="sm-216">
         <name>__ft_end</name>
         <value>0x80010560</value>
         <object_component_ref idref="oc-76"/>
      </symbol>
      <symbol id="sm-217">
         <name>__ftable</name>
         <value>0x80010240</value>
         <object_component_ref idref="oc-76"/>
      </symbol>
      <symbol id="sm-220">
         <name>__c6xabi_divi</name>
         <value>0x80008580</value>
         <object_component_ref idref="oc-136"/>
      </symbol>
      <symbol id="sm-221">
         <name>__divi</name>
         <value>0x80008580</value>
         <object_component_ref idref="oc-136"/>
      </symbol>
      <symbol id="sm-238">
         <name>C$$EXIT</name>
         <value>0x8000a2e0</value>
         <object_component_ref idref="oc-12b"/>
      </symbol>
      <symbol id="sm-239">
         <name>_exit</name>
         <value>0x800090a0</value>
         <object_component_ref idref="oc-11e"/>
      </symbol>
      <symbol id="sm-23a">
         <name>___TI_enable_exit_profile_output</name>
         <value>0x800108e8</value>
         <object_component_ref idref="oc-7d"/>
      </symbol>
      <symbol id="sm-23b">
         <name>_abort</name>
         <value>0x8000a2e0</value>
         <object_component_ref idref="oc-12b"/>
      </symbol>
      <symbol id="sm-23c">
         <name>__cleanup_ptr</name>
         <value>0x800108e0</value>
         <object_component_ref idref="oc-7d"/>
      </symbol>
      <symbol id="sm-23d">
         <name>__dtors_ptr</name>
         <value>0x800108e4</value>
         <object_component_ref idref="oc-7d"/>
      </symbol>
      <symbol id="sm-253">
         <name>__closefile</name>
         <value>0x80007d00</value>
         <object_component_ref idref="oc-149"/>
      </symbol>
      <symbol id="sm-254">
         <name>_fclose</name>
         <value>0x80009ec0</value>
         <object_component_ref idref="oc-13a"/>
      </symbol>
      <symbol id="sm-261">
         <name>__doflush</name>
         <value>0x80008e60</value>
         <object_component_ref idref="oc-143"/>
      </symbol>
      <symbol id="sm-28a">
         <name>__cleanup</name>
         <value>0x800092c0</value>
         <object_component_ref idref="oc-157"/>
      </symbol>
      <symbol id="sm-28b">
         <name>_fopen</name>
         <value>0x80009f20</value>
         <object_component_ref idref="oc-138"/>
      </symbol>
      <symbol id="sm-2ad">
         <name>_putc</name>
         <value>0x800063a0</value>
         <object_component_ref idref="oc-155"/>
      </symbol>
      <symbol id="sm-2ae">
         <name>_fputc</name>
         <value>0x800063a0</value>
         <object_component_ref idref="oc-155"/>
      </symbol>
      <symbol id="sm-2d0">
         <name>_fputs</name>
         <value>0x80004680</value>
         <object_component_ref idref="oc-150"/>
      </symbol>
      <symbol id="sm-2ee">
         <name>_fread</name>
         <value>0x80005000</value>
         <object_component_ref idref="oc-13b"/>
      </symbol>
      <symbol id="sm-2ff">
         <name>_fseek</name>
         <value>0x80008180</value>
         <object_component_ref idref="oc-139"/>
      </symbol>
      <symbol id="sm-310">
         <name>_ftell</name>
         <value>0x80007960</value>
         <object_component_ref idref="oc-13c"/>
      </symbol>
      <symbol id="sm-33a">
         <name>_fwrite</name>
         <value>0x80003480</value>
         <object_component_ref idref="oc-137"/>
      </symbol>
      <symbol id="sm-358">
         <name>__subcull</name>
         <value>0x80009e60</value>
         <object_component_ref idref="oc-15d"/>
      </symbol>
      <symbol id="sm-359">
         <name>__divull</name>
         <value>0x80005a80</value>
         <object_component_ref idref="oc-14e"/>
      </symbol>
      <symbol id="sm-35a">
         <name>__divlli</name>
         <value>0x80007e20</value>
         <object_component_ref idref="oc-13d"/>
      </symbol>
      <symbol id="sm-368">
         <name>__llshl</name>
         <value>0x80009c00</value>
         <object_component_ref idref="oc-15c"/>
      </symbol>
      <symbol id="sm-369">
         <name>__llshru</name>
         <value>0x8000a1a0</value>
         <object_component_ref idref="oc-15e"/>
      </symbol>
      <symbol id="sm-3be">
         <name>_read</name>
         <value>0x80009a40</value>
         <object_component_ref idref="oc-14c"/>
      </symbol>
      <symbol id="sm-3bf">
         <name>_unlink</name>
         <value>0x80009d80</value>
         <object_component_ref idref="oc-168"/>
      </symbol>
      <symbol id="sm-3c0">
         <name>_open</name>
         <value>0x800073c0</value>
         <object_component_ref idref="oc-158"/>
      </symbol>
      <symbol id="sm-3c1">
         <name>_lseek</name>
         <value>0x800097c0</value>
         <object_component_ref idref="oc-148"/>
      </symbol>
      <symbol id="sm-3c2">
         <name>_close</name>
         <value>0x80008740</value>
         <object_component_ref idref="oc-15a"/>
      </symbol>
      <symbol id="sm-3c3">
         <name>_write</name>
         <value>0x80009ae0</value>
         <object_component_ref idref="oc-145"/>
      </symbol>
      <symbol id="sm-3cb">
         <name>_memcpy</name>
         <value>0x80009860</value>
         <object_component_ref idref="oc-128"/>
      </symbol>
      <symbol id="sm-404">
         <name>__sys_memory</name>
         <value>0x8000a320</value>
         <object_component_ref idref="oc-b2"/>
      </symbol>
      <symbol id="sm-405">
         <name>_free</name>
         <value>0x80005800</value>
         <object_component_ref idref="oc-159"/>
      </symbol>
      <symbol id="sm-406">
         <name>_malloc</name>
         <value>0x80007240</value>
         <object_component_ref idref="oc-163"/>
      </symbol>
      <symbol id="sm-411">
         <name>_memset</name>
         <value>0x80008820</value>
         <object_component_ref idref="oc-12e"/>
      </symbol>
      <symbol id="sm-41b">
         <name>__negll</name>
         <value>0x8000a260</value>
         <object_component_ref idref="oc-14f"/>
      </symbol>
      <symbol id="sm-430">
         <name>_printf</name>
         <value>0x80008900</value>
         <object_component_ref idref="oc-131"/>
      </symbol>
      <symbol id="sm-445">
         <name>__remi</name>
         <value>0x80008fe0</value>
         <object_component_ref idref="oc-13e"/>
      </symbol>
      <symbol id="sm-446">
         <name>__c6xabi_remi</name>
         <value>0x80008fe0</value>
         <object_component_ref idref="oc-13e"/>
      </symbol>
      <symbol id="sm-450">
         <name>_remove</name>
         <value>0x8000a300</value>
         <object_component_ref idref="oc-15b"/>
      </symbol>
      <symbol id="sm-485">
         <name>_HOSTopen</name>
         <value>0x800084a0</value>
         <object_component_ref idref="oc-11f"/>
      </symbol>
      <symbol id="sm-486">
         <name>_HOSTread</name>
         <value>0x800089e0</value>
         <object_component_ref idref="oc-121"/>
      </symbol>
      <symbol id="sm-487">
         <name>_HOSTrename</name>
         <value>0x800070c0</value>
         <object_component_ref idref="oc-125"/>
      </symbol>
      <symbol id="sm-488">
         <name>_HOSTwrite</name>
         <value>0x80008b60</value>
         <object_component_ref idref="oc-122"/>
      </symbol>
      <symbol id="sm-489">
         <name>_HOSTlseek</name>
         <value>0x800082a0</value>
         <object_component_ref idref="oc-123"/>
      </symbol>
      <symbol id="sm-48a">
         <name>_HOSTunlink</name>
         <value>0x80008aa0</value>
         <object_component_ref idref="oc-124"/>
      </symbol>
      <symbol id="sm-48b">
         <name>_HOSTclose</name>
         <value>0x80009220</value>
         <object_component_ref idref="oc-120"/>
      </symbol>
      <symbol id="sm-49b">
         <name>C$$IO$$</name>
         <value>0x8000a098</value>
         <object_component_ref idref="oc-12c"/>
      </symbol>
      <symbol id="sm-49c">
         <name>__CIOBUF_</name>
         <value>0x800137c8</value>
         <object_component_ref idref="oc-d4"/>
      </symbol>
      <symbol id="sm-49d">
         <name>_readmsg</name>
         <value>0x80009d00</value>
         <object_component_ref idref="oc-12d"/>
      </symbol>
      <symbol id="sm-49e">
         <name>_writemsg</name>
         <value>0x8000a040</value>
         <object_component_ref idref="oc-12c"/>
      </symbol>
      <symbol id="sm-4ac">
         <name>__buff_read</name>
         <value>0x80007be0</value>
         <object_component_ref idref="oc-14b"/>
      </symbol>
      <symbol id="sm-4c0">
         <name>__rd_ok</name>
         <value>0x80008f20</value>
         <object_component_ref idref="oc-14a"/>
      </symbol>
      <symbol id="sm-4c1">
         <name>__wrt_ok</name>
         <value>0x800083a0</value>
         <object_component_ref idref="oc-142"/>
      </symbol>
      <symbol id="sm-4cf">
         <name>__unlock</name>
         <value>0x800108f0</value>
         <object_component_ref idref="oc-df"/>
      </symbol>
      <symbol id="sm-4d0">
         <name>__lock</name>
         <value>0x800108ec</value>
         <object_component_ref idref="oc-df"/>
      </symbol>
      <symbol id="sm-4d1">
         <name>__nop</name>
         <value>0x8000a280</value>
         <object_component_ref idref="oc-126"/>
      </symbol>
      <symbol id="sm-5db">
         <name>__printfi</name>
         <value>0x80003e00</value>
         <object_component_ref idref="oc-140"/>
      </symbol>
      <symbol id="sm-5e6">
         <name>_llabs</name>
         <value>0x8000a220</value>
         <object_component_ref idref="oc-14d"/>
      </symbol>
      <symbol id="sm-5f0">
         <name>__args_main</name>
         <value>0x8000a120</value>
         <object_component_ref idref="oc-11d"/>
      </symbol>
      <symbol id="sm-5f1">
         <name>__TI_args_main</name>
         <value>0x1</value>
      </symbol>
      <symbol id="sm-5ff">
         <name>_atoi</name>
         <value>0x80008660</value>
         <object_component_ref idref="oc-15f"/>
      </symbol>
      <symbol id="sm-60e">
         <name>__auto_init</name>
         <value>0x80008c20</value>
         <object_component_ref idref="oc-11c"/>
      </symbol>
      <symbol id="sm-61b">
         <name>___TI_cpp_init</name>
         <value>0x80009e00</value>
         <object_component_ref idref="oc-129"/>
      </symbol>
      <symbol id="sm-629">
         <name>_copy_in</name>
         <value>0x80009680</value>
         <object_component_ref idref="oc-127"/>
      </symbol>
      <symbol id="sm-631">
         <name>__ctypes_</name>
         <value>0x80013598</value>
         <object_component_ref idref="oc-169"/>
      </symbol>
      <symbol id="sm-643">
         <name>__divd</name>
         <value>0x80002960</value>
         <object_component_ref idref="oc-177"/>
      </symbol>
      <symbol id="sm-64c">
         <name>__c6xabi_divu</name>
         <value>0x80008da0</value>
         <object_component_ref idref="oc-144"/>
      </symbol>
      <symbol id="sm-64d">
         <name>__divu</name>
         <value>0x80008da0</value>
         <object_component_ref idref="oc-144"/>
      </symbol>
      <symbol id="sm-657">
         <name>_errno</name>
         <value>0x8001023c</value>
         <object_component_ref idref="oc-102"/>
      </symbol>
      <symbol id="sm-664">
         <name>__fixdli</name>
         <value>0x80009540</value>
         <object_component_ref idref="oc-179"/>
      </symbol>
      <symbol id="sm-66f">
         <name>__fltlid</name>
         <value>0x80009b80</value>
         <object_component_ref idref="oc-17b"/>
      </symbol>
      <symbol id="sm-679">
         <name>__frcmpyd_div</name>
         <value>0x8000a160</value>
         <object_component_ref idref="oc-17c"/>
      </symbol>
      <symbol id="sm-689">
         <name>__divul</name>
         <value>0x80006f20</value>
         <object_component_ref idref="oc-17d"/>
      </symbol>
      <symbol id="sm-68a">
         <name>__remli</name>
         <value>0x8000a1e0</value>
         <object_component_ref idref="oc-17e"/>
      </symbol>
      <symbol id="sm-68b">
         <name>__divli</name>
         <value>0x80009360</value>
         <object_component_ref idref="oc-17f"/>
      </symbol>
      <symbol id="sm-695">
         <name>___isinf</name>
         <value>0x8000a0a0</value>
         <object_component_ref idref="oc-16b"/>
      </symbol>
      <symbol id="sm-6a2">
         <name>_ltoa</name>
         <value>0x80009160</value>
         <object_component_ref idref="oc-17a"/>
      </symbol>
      <symbol id="sm-6af">
         <name>_memccpy</name>
         <value>0x80009f80</value>
         <object_component_ref idref="oc-162"/>
      </symbol>
      <symbol id="sm-6c5">
         <name>_setvbuf</name>
         <value>0x800067c0</value>
         <object_component_ref idref="oc-156"/>
      </symbol>
   </symbol_table>
</link_info>
